// Vitest Snapshot v1, https://vitest.dev/guide/snapshot.html

exports[`golden frames — byte-identity gate for the perception refactor > serializes every signal channel across observers and ticks, deterministically 1`] = `
[
  "{"t":50,"tick":1,"ackSeq":0,"you":{"id":"a","x":0,"y":0,"heading":0,"speed":0,"hp":70,"alive":true,"ammo":[{"n":1,"reloadMsLeft":0},{"n":1,"reloadMsLeft":0},{"n":1,"reloadMsLeft":0},null],"sweep":0.07853981633974527,"cls":"torpedoBoat","upg":[0,0,0,0,0,0,0,0,0,0,0,0,0,0],"pts":0,"offer":[],"boostUntil":0},"contacts":[{"id":"b","x":100,"y":0,"heading":1.5,"speed":0,"cls":"torpedoBoat"}],"events":[{"k":"spawn","id":"a","x":-54.60555006940934,"y":-717.9263429500392},{"k":"blip","id":"c","x":399.69161449628916,"y":15.703926303627444,"t":50}],"mines":[]}",
  "{"t":50,"tick":1,"ackSeq":0,"you":{"id":"b","x":100,"y":0,"heading":1.5,"speed":0,"hp":70,"alive":true,"ammo":[{"n":1,"reloadMsLeft":0},{"n":1,"reloadMsLeft":0},{"n":1,"reloadMsLeft":0},null],"sweep":0.07853981633974527,"cls":"torpedoBoat","upg":[0,0,0,0,0,0,0,0,0,0,0,0,0,0],"pts":0,"offer":[],"boostUntil":0},"contacts":[{"id":"a","x":0,"y":0,"heading":0,"speed":0,"cls":"torpedoBoat"}],"events":[{"k":"spawn","id":"b","x":-714.4370037843231,"y":89.32954507708605},{"k":"blip","id":"c","x":399.69161449628916,"y":15.703926303627444,"t":50}],"mines":[]}",
  "{"t":0,"tick":0,"ackSeq":0,"you":{"id":"a","x":0,"y":0,"heading":0,"speed":0,"hp":70,"alive":true,"ammo":[{"n":1,"reloadMsLeft":0},{"n":1,"reloadMsLeft":0},{"n":1,"reloadMsLeft":0},null],"sweep":0,"cls":"torpedoBoat","upg":[0,0,0,0,0,0,0,0,0,0,0,0,0,0],"pts":0,"offer":[],"boostUntil":0},"contacts":[{"id":"b","x":150,"y":0,"heading":0,"speed":0,"cls":"torpedoBoat"}],"events":[{"k":"torp","id":"tp","x":0,"y":300,"vx":7.960204194457796e-15,"vy":130,"t":0},{"k":"shell","id":"sg","x":130,"y":0,"vx":130,"vy":0,"t":0}],"mines":[]}",
  "{"t":50,"tick":1,"ackSeq":0,"you":{"id":"a","x":0,"y":0,"heading":0,"speed":0,"hp":70,"alive":true,"ammo":[{"n":1,"reloadMsLeft":0},{"n":1,"reloadMsLeft":0},{"n":1,"reloadMsLeft":0},null],"sweep":0.07853981633974527,"cls":"torpedoBoat","upg":[0,0,0,0,0,0,0,0,0,0,0,0,0,0],"pts":1,"offer":[1,9,13],"boostUntil":0},"contacts":[],"events":[{"k":"spawn","id":"a","x":171.80583286535312,"y":-699.2015130085477},{"k":"boom","id":"sg","hit":"b","x":130,"y":0},{"k":"pt","id":"a"},{"k":"sunk","id":"b","by":"a"}],"mines":[]}",
  "{"t":50,"tick":1,"ackSeq":0,"you":{"id":"b","x":150,"y":0,"heading":0,"speed":0,"hp":0,"alive":false,"ammo":[{"n":1,"reloadMsLeft":0},{"n":1,"reloadMsLeft":0},{"n":1,"reloadMsLeft":0},null],"sweep":0.07853981633974527,"cls":"torpedoBoat","upg":[0,0,0,0,0,0,0,0,0,0,0,0,0,0],"pts":0,"offer":[],"boostUntil":0},"contacts":[{"id":"a","x":0,"y":0,"heading":0,"speed":0,"cls":"torpedoBoat"}],"events":[{"k":"spawn","id":"b","x":-717.9920064377991,"y":53.73526487720571},{"k":"boom","id":"sg","hit":"b","x":130,"y":0},{"k":"dmg","id":"b","amount":25,"hp":0},{"k":"sunk","id":"b","by":"a"}],"mines":[]}",
  "{"t":50,"tick":1,"ackSeq":0,"you":{"id":"a","x":0,"y":0,"heading":0,"speed":0,"hp":65,"alive":true,"ammo":[{"n":1,"reloadMsLeft":0},{"n":1,"reloadMsLeft":0},{"n":1,"reloadMsLeft":0},null],"sweep":0.07853981633974527,"cls":"torpedoBoat","upg":[0,1,0,0,0,0,0,0,0,0,0,0,0,0],"pts":0,"offer":[],"boostUntil":0},"contacts":[],"events":[{"k":"spawn","id":"a","x":-573.107882301782,"y":-435.82950249331077},{"k":"pt","id":"a"},{"k":"upg","id":"a","type":"radarRange"},{"k":"heal","id":"a","amount":25}],"mines":[]}",
  "{"t":0,"tick":0,"ackSeq":0,"you":{"id":"a","x":0,"y":0,"heading":0,"speed":0,"hp":70,"alive":true,"ammo":[{"n":1,"reloadMsLeft":0},{"n":1,"reloadMsLeft":0},{"n":1,"reloadMsLeft":0},null],"sweep":0,"cls":"torpedoBoat","upg":[0,0,0,0,0,0,0,0,0,0,0,0,0,0],"pts":0,"offer":[],"boostUntil":0},"contacts":[],"events":[],"mines":[{"id":"own","x":900,"y":900,"own":true,"by":"a"},{"id":"seen","x":220,"y":0,"own":false,"by":"b"}]}",
  "{"t":50,"tick":1,"ackSeq":0,"contacts":[{"id":"b","x":440,"y":0,"heading":0,"speed":0,"cls":"torpedoBoat"},{"id":"c","x":-600,"y":400,"heading":1.1999999999999993,"speed":0,"cls":"torpedoBoat"}],"events":[{"k":"spawn","id":"a","x":-195.93579188288274,"y":-692.8269375964157},{"k":"spawn","id":"b","x":-481.9840926000901,"y":534.8750643659394},{"k":"spawn","id":"c","x":-356.06520752553087,"y":625.7935506137792},{"k":"sunk","id":"a","by":"b"}],"mines":[{"id":"sm","x":800,"y":800,"own":true,"by":"a"}],"spec":true}",
  "{"t":50,"tick":1,"ackSeq":0,"contacts":[{"id":"b","x":440,"y":0,"heading":0,"speed":0,"cls":"torpedoBoat"},{"id":"c","x":-600,"y":400,"heading":1.1999999999999993,"speed":0,"cls":"torpedoBoat"}],"events":[{"k":"spawn","id":"a","x":-195.93579188288274,"y":-692.8269375964157},{"k":"spawn","id":"b","x":-481.9840926000901,"y":534.8750643659394},{"k":"spawn","id":"c","x":-356.06520752553087,"y":625.7935506137792},{"k":"pt","id":"b"},{"k":"sunk","id":"a","by":"b"}],"mines":[{"id":"sm","x":800,"y":800,"own":false,"by":"a"}],"spec":true}",
  "{"t":50,"tick":1,"ackSeq":0,"you":{"id":"a","x":0,"y":0,"heading":0,"speed":0,"hp":70,"alive":true,"ammo":[{"n":1,"reloadMsLeft":0},{"n":1,"reloadMsLeft":0},{"n":1,"reloadMsLeft":0},null],"sweep":0.07853981633974527,"cls":"torpedoBoat","upg":[0,0,0,0,0,0,0,0,0,0,0,0,0,0],"pts":0,"offer":[],"boostUntil":0},"contacts":[],"events":[{"k":"spawn","id":"a","x":489.07680978455926,"y":528.3974584826823},{"k":"boom","id":"st","x":205,"y":0},{"k":"blip","id":"b","x":232,"y":0,"t":50}],"mines":[]}",
  "{"t":50,"tick":1,"ackSeq":0,"you":{"id":"b","x":232,"y":0,"heading":0,"speed":0,"hp":75,"alive":true,"ammo":[{"n":1,"reloadMsLeft":0},{"n":1,"reloadMsLeft":0},{"n":1,"reloadMsLeft":0},null],"sweep":0.07853981633974527,"cls":"torpedoBoat","upg":[0,0,0,0,0,0,0,0,0,0,0,0,0,0],"pts":0,"offer":[],"boostUntil":0},"contacts":[],"events":[{"k":"spawn","id":"b","x":-655.5490408373502,"y":-297.75065920536645},{"k":"boom","id":"st","hit":"b","x":205,"y":0},{"k":"dmg","id":"b","amount":25,"hp":75}],"mines":[]}",
  "{"t":0,"tick":0,"ackSeq":0,"you":{"id":"a","x":0,"y":0,"heading":0,"speed":0,"hp":70,"alive":true,"ammo":[{"n":1,"reloadMsLeft":0},{"n":1,"reloadMsLeft":0},{"n":1,"reloadMsLeft":0},null],"sweep":1.6207963267948966,"cls":"torpedoBoat","upg":[0,0,0,0,0,0,0,0,0,0,0,0,0,0],"pts":0,"offer":[],"boostUntil":0},"contacts":[{"id":"c","x":100,"y":100,"heading":0,"speed":0,"cls":"torpedoBoat"}],"events":[{"k":"blip","id":"p","x":0,"y":400,"t":0}],"mines":[]}",
  "{"t":0,"tick":0,"ackSeq":0,"you":{"id":"b","x":0,"y":0,"heading":0,"speed":0,"hp":70,"alive":true,"ammo":[{"n":1,"reloadMsLeft":0},{"n":1,"reloadMsLeft":0},{"n":1,"reloadMsLeft":0},null],"sweep":0,"cls":"torpedoBoat","upg":[0,0,0,0,0,0,0,0,0,0,0,0,0,0],"pts":0,"offer":[],"boostUntil":0},"contacts":[],"events":[],"mines":[]}",
  "{"t":50,"tick":1,"ackSeq":0,"you":{"id":"b","x":0,"y":0,"heading":0,"speed":0,"hp":70,"alive":true,"ammo":[{"n":1,"reloadMsLeft":0},{"n":1,"reloadMsLeft":0},{"n":1,"reloadMsLeft":0},null],"sweep":0.07853981633974527,"cls":"torpedoBoat","upg":[0,0,0,0,0,0,0,0,0,0,0,0,0,0],"pts":0,"offer":[],"boostUntil":0},"contacts":[],"events":[{"k":"spawn","id":"b","x":-690.4543202957132,"y":204.13924557758327},{"k":"shell","id":"sh","x":219.5,"y":7.960204194457795e-16,"vx":-130,"vy":1.592040838891559e-14,"t":50},{"k":"torp","id":"tp","x":3.9801020972288977e-16,"y":219.5,"vx":7.960204194457796e-15,"vy":-130,"t":50}],"mines":[]}",
  "{"t":100,"tick":2,"ackSeq":0,"you":{"id":"b","x":0,"y":0,"heading":0,"speed":0,"hp":70,"alive":true,"ammo":[{"n":1,"reloadMsLeft":0},{"n":1,"reloadMsLeft":0},{"n":1,"reloadMsLeft":0},null],"sweep":0.15707963267949054,"cls":"torpedoBoat","upg":[0,0,0,0,0,0,0,0,0,0,0,0,0,0],"pts":0,"offer":[],"boostUntil":0},"contacts":[],"events":[],"mines":[]}",
  "{"t":50,"tick":1,"ackSeq":0,"contacts":[{"id":"e","x":150,"y":0,"heading":0,"speed":0,"cls":"torpedoBoat"}],"events":[{"k":"spawn","id":"c","x":535.7064774435847,"y":481.05984037849805},{"k":"spawn","id":"e","x":195.09743145869604,"y":693.0634835555971},{"k":"sunk","id":"c","by":"b"},{"k":"boom","id":"hit","hit":"e","x":130,"y":0},{"k":"dmg","id":"e","amount":25,"hp":75},{"k":"shell","id":"fly","x":304.59619407771254,"y":304.59619407771254,"vx":91.92388155425118,"vy":91.92388155425117,"t":50}],"mines":[],"spec":true}",
  "{"t":100,"tick":2,"ackSeq":0,"contacts":[{"id":"e","x":150,"y":0,"heading":0,"speed":0,"cls":"torpedoBoat"}],"events":[],"mines":[],"spec":true}",
  "{"t":50,"tick":1,"ackSeq":1,"you":{"id":"a","x":0,"y":0,"heading":0,"speed":0,"hp":70,"alive":true,"ammo":[{"n":0,"reloadMsLeft":3000},{"n":1,"reloadMsLeft":0},{"n":1,"reloadMsLeft":0},null],"sweep":0.07853981633974527,"cls":"torpedoBoat","upg":[0,0,0,0,0,0,0,0,0,0,0,0,0,0],"pts":0,"offer":[],"boostUntil":0},"contacts":[{"id":"b","x":120,"y":0,"heading":0,"speed":0,"cls":"torpedoBoat"}],"events":[{"k":"spawn","id":"a","x":-604.268324109579,"y":-391.48408968667013},{"k":"shell","id":"s1","x":52.00000000000001,"y":0,"vx":130,"vy":0,"t":50}],"mines":[]}",
  "{"t":50,"tick":1,"ackSeq":0,"you":{"id":"b","x":120,"y":0,"heading":0,"speed":0,"hp":100,"alive":true,"ammo":[{"n":1,"reloadMsLeft":0},{"n":1,"reloadMsLeft":0},{"n":1,"reloadMsLeft":0},null],"sweep":0.07853981633974527,"cls":"torpedoBoat","upg":[0,0,0,0,0,0,0,0,0,0,0,0,0,0],"pts":0,"offer":[],"boostUntil":0},"contacts":[{"id":"a","x":0,"y":0,"heading":0,"speed":0,"cls":"torpedoBoat"}],"events":[{"k":"spawn","id":"b","x":-693.9219018840292,"y":-192.021858353813},{"k":"shell","id":"s1","x":52.00000000000001,"y":0,"vx":130,"vy":0,"t":50}],"mines":[]}",
  "{"t":100,"tick":2,"ackSeq":1,"you":{"id":"a","x":0,"y":0,"heading":0,"speed":0,"hp":70,"alive":true,"ammo":[{"n":0,"reloadMsLeft":2950},{"n":1,"reloadMsLeft":0},{"n":1,"reloadMsLeft":0},null],"sweep":0.15707963267949054,"cls":"torpedoBoat","upg":[0,0,0,0,0,0,0,0,0,0,0,0,0,0],"pts":0,"offer":[],"boostUntil":0},"contacts":[{"id":"b","x":120,"y":0,"heading":0,"speed":0,"cls":"torpedoBoat"}],"events":[],"mines":[]}",
  "{"t":100,"tick":2,"ackSeq":0,"you":{"id":"b","x":120,"y":0,"heading":0,"speed":0,"hp":100,"alive":true,"ammo":[{"n":1,"reloadMsLeft":0},{"n":1,"reloadMsLeft":0},{"n":1,"reloadMsLeft":0},null],"sweep":0.15707963267949054,"cls":"torpedoBoat","upg":[0,0,0,0,0,0,0,0,0,0,0,0,0,0],"pts":0,"offer":[],"boostUntil":0},"contacts":[{"id":"a","x":0,"y":0,"heading":0,"speed":0,"cls":"torpedoBoat"}],"events":[],"mines":[]}",
  "{"t":150,"tick":3,"ackSeq":1,"you":{"id":"a","x":0,"y":0,"heading":0,"speed":0,"hp":70,"alive":true,"ammo":[{"n":0,"reloadMsLeft":2900},{"n":1,"reloadMsLeft":0},{"n":1,"reloadMsLeft":0},null],"sweep":0.23561944901923582,"cls":"torpedoBoat","upg":[0,0,0,0,0,0,0,0,0,0,0,0,0,0],"pts":0,"offer":[],"boostUntil":0},"contacts":[{"id":"b","x":120,"y":0,"heading":0,"speed":0,"cls":"torpedoBoat"}],"events":[],"mines":[]}",
  "{"t":150,"tick":3,"ackSeq":0,"you":{"id":"b","x":120,"y":0,"heading":0,"speed":0,"hp":100,"alive":true,"ammo":[{"n":1,"reloadMsLeft":0},{"n":1,"reloadMsLeft":0},{"n":1,"reloadMsLeft":0},null],"sweep":0.23561944901923582,"cls":"torpedoBoat","upg":[0,0,0,0,0,0,0,0,0,0,0,0,0,0],"pts":0,"offer":[],"boostUntil":0},"contacts":[{"id":"a","x":0,"y":0,"heading":0,"speed":0,"cls":"torpedoBoat"}],"events":[],"mines":[]}",
  "{"t":200,"tick":4,"ackSeq":1,"you":{"id":"a","x":0,"y":0,"heading":0,"speed":0,"hp":70,"alive":true,"ammo":[{"n":0,"reloadMsLeft":2850},{"n":1,"reloadMsLeft":0},{"n":1,"reloadMsLeft":0},null],"sweep":0.3141592653589811,"cls":"torpedoBoat","upg":[0,0,0,0,0,0,0,0,0,0,0,0,0,0],"pts":0,"offer":[],"boostUntil":0},"contacts":[{"id":"b","x":120,"y":0,"heading":0,"speed":0,"cls":"torpedoBoat"}],"events":[],"mines":[]}",
  "{"t":200,"tick":4,"ackSeq":0,"you":{"id":"b","x":120,"y":0,"heading":0,"speed":0,"hp":100,"alive":true,"ammo":[{"n":1,"reloadMsLeft":0},{"n":1,"reloadMsLeft":0},{"n":1,"reloadMsLeft":0},null],"sweep":0.3141592653589811,"cls":"torpedoBoat","upg":[0,0,0,0,0,0,0,0,0,0,0,0,0,0],"pts":0,"offer":[],"boostUntil":0},"contacts":[{"id":"a","x":0,"y":0,"heading":0,"speed":0,"cls":"torpedoBoat"}],"events":[],"mines":[]}",
  "{"t":250,"tick":5,"ackSeq":1,"you":{"id":"a","x":0,"y":0,"heading":0,"speed":0,"hp":70,"alive":true,"ammo":[{"n":0,"reloadMsLeft":2800},{"n":1,"reloadMsLeft":0},{"n":1,"reloadMsLeft":0},null],"sweep":0.39269908169872636,"cls":"torpedoBoat","upg":[0,0,0,0,0,0,0,0,0,0,0,0,0,0],"pts":0,"offer":[],"boostUntil":0},"contacts":[{"id":"b","x":120,"y":0,"heading":0,"speed":0,"cls":"torpedoBoat"}],"events":[{"k":"burst","id":"s1","x":120,"y":0}],"mines":[]}",
  "{"t":250,"tick":5,"ackSeq":0,"you":{"id":"b","x":120,"y":0,"heading":0,"speed":0,"hp":75,"alive":true,"ammo":[{"n":1,"reloadMsLeft":0},{"n":1,"reloadMsLeft":0},{"n":1,"reloadMsLeft":0},null],"sweep":0.39269908169872636,"cls":"torpedoBoat","upg":[0,0,0,0,0,0,0,0,0,0,0,0,0,0],"pts":0,"offer":[],"boostUntil":0},"contacts":[{"id":"a","x":0,"y":0,"heading":0,"speed":0,"cls":"torpedoBoat"}],"events":[{"k":"burst","id":"s1","x":120,"y":0},{"k":"dmg","id":"b","amount":25,"hp":75}],"mines":[]}",
  "{"t":50,"tick":1,"ackSeq":1,"you":{"id":"a","x":0,"y":0,"heading":0,"speed":0,"hp":150,"alive":true,"ammo":[{"n":1,"reloadMsLeft":0},{"n":1,"reloadMsLeft":0},{"n":0,"reloadMsLeft":20000},null],"sweep":0.07853981633974527,"cls":"battleship","upg":[0,0,0,0,0,0,0,0,0,0,0,0,0,0],"pts":0,"offer":[],"boostUntil":0},"contacts":[],"events":[{"k":"spawn","id":"a","x":667.301691490745,"y":270.38574765248},{"k":"shell","id":"s1","x":63.99999999999999,"y":0,"vx":130,"vy":0,"t":50}],"mines":[]}",
  "{"t":1700,"tick":34,"ackSeq":1,"you":{"id":"a","x":0,"y":0,"heading":0,"speed":0,"hp":150,"alive":true,"ammo":[{"n":1,"reloadMsLeft":0},{"n":1,"reloadMsLeft":0},{"n":0,"reloadMsLeft":18350},null],"sweep":2.6703537555513392,"cls":"battleship","upg":[0,0,0,0,0,0,0,0,0,0,0,0,0,0],"pts":0,"offer":[],"boostUntil":0},"contacts":[{"id":"h","x":300,"y":40,"heading":1.0999999999999996,"speed":0,"cls":"torpedoBoat"}],"events":[{"k":"burst","id":"s1","x":300,"y":0}],"mines":[],"litZones":[{"id":"z1","x":300,"y":0,"r":110,"until":11700,"by":"a"}]}",
  "{"t":1700,"tick":34,"ackSeq":0,"you":{"id":"c","x":-330,"y":-160,"heading":0,"speed":0,"hp":70,"alive":true,"ammo":[{"n":1,"reloadMsLeft":0},{"n":1,"reloadMsLeft":0},{"n":1,"reloadMsLeft":0},null],"sweep":2.6703537555513392,"cls":"torpedoBoat","upg":[0,0,0,0,0,0,0,0,0,0,0,0,0,0],"pts":0,"offer":[],"boostUntil":0},"contacts":[{"id":"d","x":-400,"y":0,"heading":0,"speed":0,"cls":"torpedoBoat"}],"events":[],"mines":[],"litZones":[{"id":"z1","x":300,"y":0,"r":110,"until":11700,"by":"a"}]}",
  "{"t":1700,"tick":34,"ackSeq":0,"you":{"id":"d","x":-400,"y":0,"heading":0,"speed":0,"hp":70,"alive":true,"ammo":[{"n":1,"reloadMsLeft":0},{"n":1,"reloadMsLeft":0},{"n":1,"reloadMsLeft":0},null],"sweep":2.6703537555513392,"cls":"torpedoBoat","upg":[0,0,0,0,0,0,0,0,0,0,0,0,0,0],"pts":0,"offer":[],"boostUntil":0},"contacts":[{"id":"c","x":-330,"y":-160,"heading":0,"speed":0,"cls":"torpedoBoat"}],"events":[],"mines":[]}",
  "{"t":11750,"tick":235,"ackSeq":1,"you":{"id":"a","x":0,"y":0,"heading":0,"speed":0,"hp":150,"alive":true,"ammo":[{"n":1,"reloadMsLeft":0},{"n":1,"reloadMsLeft":0},{"n":0,"reloadMsLeft":8300},null],"sweep":5.8904862254809665,"cls":"battleship","upg":[0,0,0,0,0,0,0,0,0,0,0,0,0,0],"pts":0,"offer":[],"boostUntil":0},"contacts":[],"events":[],"mines":[]}",
  "{"t":50,"tick":1,"ackSeq":0,"you":{"id":"a","x":0,"y":0,"heading":0,"speed":0,"hp":70,"alive":true,"ammo":[{"n":1,"reloadMsLeft":0},{"n":1,"reloadMsLeft":0},{"n":1,"reloadMsLeft":0},null],"sweep":0.07853981633974527,"cls":"torpedoBoat","upg":[0,0,0,0,0,0,0,0,0,0,0,0,0,0],"pts":1,"offer":[0,13,6],"boostUntil":0},"contacts":[],"events":[{"k":"spawn","id":"a","x":-670.2020608478956,"y":-263.11441928414644},{"k":"boom","id":"ks","hit":"b","x":480,"y":0},{"k":"pt","id":"a"},{"k":"sunk","id":"b","by":"a"}],"mines":[],"litZones":[{"id":"z1","x":500,"y":0,"r":110,"until":999999,"by":"a"}]}",
  "{"t":50,"tick":1,"ackSeq":1,"you":{"id":"a","x":0,"y":0,"heading":0,"speed":0,"hp":105,"alive":true,"ammo":[{"n":1,"reloadMsLeft":0},{"n":0,"reloadMsLeft":8000},{"n":1,"reloadMsLeft":0},null],"sweep":0.07853981633974527,"cls":"mineLayer","upg":[0,0,0,0,0,0,0,0,0,0,0,0,0,0],"pts":0,"offer":[],"boostUntil":0},"contacts":[{"id":"b","x":-76,"y":10,"heading":0,"speed":0,"cls":"torpedoBoat"},{"id":"c","x":-76,"y":-40,"heading":0,"speed":0,"cls":"torpedoBoat"}],"events":[{"k":"spawn","id":"a","x":449.0893555030097,"y":562.7777099120854}],"mines":[{"id":"m1","x":-76,"y":-9.307315673519884e-15,"own":true,"by":"a"}]}",
  "{"t":3050,"tick":61,"ackSeq":1,"you":{"id":"a","x":0,"y":0,"heading":0,"speed":0,"hp":105,"alive":true,"ammo":[{"n":1,"reloadMsLeft":0},{"n":0,"reloadMsLeft":5000},{"n":1,"reloadMsLeft":0},null],"sweep":4.790928796724462,"cls":"mineLayer","upg":[0,0,0,0,0,0,0,0,0,0,0,0,0,0],"pts":0,"offer":[],"boostUntil":0},"contacts":[{"id":"b","x":-76,"y":10,"heading":0,"speed":0,"cls":"torpedoBoat"},{"id":"c","x":-76,"y":-40,"heading":0,"speed":0,"cls":"torpedoBoat"}],"events":[{"k":"boom","id":"m1","hit":"b","x":-76,"y":-9.307315673519884e-15}],"mines":[]}",
  "{"t":3050,"tick":61,"ackSeq":0,"you":{"id":"b","x":-76,"y":10,"heading":0,"speed":0,"hp":25,"alive":true,"ammo":[{"n":1,"reloadMsLeft":0},{"n":1,"reloadMsLeft":0},{"n":1,"reloadMsLeft":0},null],"sweep":4.790928796724462,"cls":"torpedoBoat","upg":[0,0,0,0,0,0,0,0,0,0,0,0,0,0],"pts":0,"offer":[],"boostUntil":0},"contacts":[{"id":"a","x":0,"y":0,"heading":0,"speed":0,"cls":"mineLayer"},{"id":"c","x":-76,"y":-40,"heading":0,"speed":0,"cls":"torpedoBoat"}],"events":[{"k":"boom","id":"m1","hit":"b","x":-76,"y":-9.307315673519884e-15},{"k":"dmg","id":"b","amount":45,"hp":25}],"mines":[]}",
  "{"t":50,"tick":1,"ackSeq":1,"you":{"id":"a","x":0,"y":0,"heading":0,"speed":0,"hp":105,"alive":true,"ammo":[{"n":0,"reloadMsLeft":3000},{"n":1,"reloadMsLeft":0},{"n":1,"reloadMsLeft":0},null],"sweep":0.07853981633974527,"cls":"mineLayer","upg":[0,0,0,0,0,0,0,0,0,0,0,0,0,0],"pts":0,"offer":[],"boostUntil":0},"contacts":[],"events":[{"k":"spawn","id":"a","x":579.2388806215941,"y":427.64742390927904},{"k":"shell","id":"s1","x":46,"y":0,"vx":130,"vy":0,"t":50}],"mines":[{"id":"om","x":300,"y":0,"own":true,"by":"a"}]}",
  "{"t":100,"tick":2,"ackSeq":1,"you":{"id":"a","x":0,"y":0,"heading":0,"speed":0,"hp":105,"alive":true,"ammo":[{"n":0,"reloadMsLeft":2950},{"n":1,"reloadMsLeft":0},{"n":1,"reloadMsLeft":0},null],"sweep":0.15707963267949054,"cls":"mineLayer","upg":[0,0,0,0,0,0,0,0,0,0,0,0,0,0],"pts":0,"offer":[],"boostUntil":0},"contacts":[],"events":[],"mines":[{"id":"om","x":300,"y":0,"own":true,"by":"a"}]}",
  "{"t":150,"tick":3,"ackSeq":1,"you":{"id":"a","x":0,"y":0,"heading":0,"speed":0,"hp":105,"alive":true,"ammo":[{"n":0,"reloadMsLeft":2900},{"n":1,"reloadMsLeft":0},{"n":1,"reloadMsLeft":0},null],"sweep":0.23561944901923582,"cls":"mineLayer","upg":[0,0,0,0,0,0,0,0,0,0,0,0,0,0],"pts":0,"offer":[],"boostUntil":0},"contacts":[],"events":[],"mines":[{"id":"om","x":300,"y":0,"own":true,"by":"a"}]}",
  "{"t":200,"tick":4,"ackSeq":1,"you":{"id":"a","x":0,"y":0,"heading":0,"speed":0,"hp":105,"alive":true,"ammo":[{"n":0,"reloadMsLeft":2850},{"n":1,"reloadMsLeft":0},{"n":1,"reloadMsLeft":0},null],"sweep":0.3141592653589811,"cls":"mineLayer","upg":[0,0,0,0,0,0,0,0,0,0,0,0,0,0],"pts":0,"offer":[],"boostUntil":0},"contacts":[],"events":[],"mines":[{"id":"om","x":300,"y":0,"own":true,"by":"a"}]}",
  "{"t":250,"tick":5,"ackSeq":1,"you":{"id":"a","x":0,"y":0,"heading":0,"speed":0,"hp":105,"alive":true,"ammo":[{"n":0,"reloadMsLeft":2800},{"n":1,"reloadMsLeft":0},{"n":1,"reloadMsLeft":0},null],"sweep":0.39269908169872636,"cls":"mineLayer","upg":[0,0,0,0,0,0,0,0,0,0,0,0,0,0],"pts":0,"offer":[],"boostUntil":0},"contacts":[],"events":[],"mines":[{"id":"om","x":300,"y":0,"own":true,"by":"a"}]}",
  "{"t":300,"tick":6,"ackSeq":1,"you":{"id":"a","x":0,"y":0,"heading":0,"speed":0,"hp":105,"alive":true,"ammo":[{"n":0,"reloadMsLeft":2750},{"n":1,"reloadMsLeft":0},{"n":1,"reloadMsLeft":0},null],"sweep":0.47123889803847163,"cls":"mineLayer","upg":[0,0,0,0,0,0,0,0,0,0,0,0,0,0],"pts":0,"offer":[],"boostUntil":0},"contacts":[],"events":[],"mines":[{"id":"om","x":300,"y":0,"own":true,"by":"a"}]}",
  "{"t":350,"tick":7,"ackSeq":1,"you":{"id":"a","x":0,"y":0,"heading":0,"speed":0,"hp":105,"alive":true,"ammo":[{"n":0,"reloadMsLeft":2700},{"n":1,"reloadMsLeft":0},{"n":1,"reloadMsLeft":0},null],"sweep":0.5497787143782169,"cls":"mineLayer","upg":[0,0,0,0,0,0,0,0,0,0,0,0,0,0],"pts":0,"offer":[],"boostUntil":0},"contacts":[],"events":[],"mines":[{"id":"om","x":300,"y":0,"own":true,"by":"a"}]}",
  "{"t":400,"tick":8,"ackSeq":1,"you":{"id":"a","x":0,"y":0,"heading":0,"speed":0,"hp":105,"alive":true,"ammo":[{"n":0,"reloadMsLeft":2650},{"n":1,"reloadMsLeft":0},{"n":1,"reloadMsLeft":0},null],"sweep":0.6283185307179622,"cls":"mineLayer","upg":[0,0,0,0,0,0,0,0,0,0,0,0,0,0],"pts":0,"offer":[],"boostUntil":0},"contacts":[],"events":[],"mines":[{"id":"om","x":300,"y":0,"own":true,"by":"a"}]}",
  "{"t":450,"tick":9,"ackSeq":1,"you":{"id":"a","x":0,"y":0,"heading":0,"speed":0,"hp":105,"alive":true,"ammo":[{"n":0,"reloadMsLeft":2600},{"n":1,"reloadMsLeft":0},{"n":1,"reloadMsLeft":0},null],"sweep":0.7068583470577074,"cls":"mineLayer","upg":[0,0,0,0,0,0,0,0,0,0,0,0,0,0],"pts":0,"offer":[],"boostUntil":0},"contacts":[],"events":[],"mines":[{"id":"om","x":300,"y":0,"own":true,"by":"a"}]}",
  "{"t":500,"tick":10,"ackSeq":1,"you":{"id":"a","x":0,"y":0,"heading":0,"speed":0,"hp":105,"alive":true,"ammo":[{"n":0,"reloadMsLeft":2550},{"n":1,"reloadMsLeft":0},{"n":1,"reloadMsLeft":0},null],"sweep":0.7853981633974527,"cls":"mineLayer","upg":[0,0,0,0,0,0,0,0,0,0,0,0,0,0],"pts":0,"offer":[],"boostUntil":0},"contacts":[],"events":[],"mines":[{"id":"om","x":300,"y":0,"own":true,"by":"a"}]}",
  "{"t":550,"tick":11,"ackSeq":1,"you":{"id":"a","x":0,"y":0,"heading":0,"speed":0,"hp":105,"alive":true,"ammo":[{"n":0,"reloadMsLeft":2500},{"n":1,"reloadMsLeft":0},{"n":1,"reloadMsLeft":0},null],"sweep":0.863937979737198,"cls":"mineLayer","upg":[0,0,0,0,0,0,0,0,0,0,0,0,0,0],"pts":0,"offer":[],"boostUntil":0},"contacts":[],"events":[],"mines":[{"id":"om","x":300,"y":0,"own":true,"by":"a"}]}",
  "{"t":600,"tick":12,"ackSeq":1,"you":{"id":"a","x":0,"y":0,"heading":0,"speed":0,"hp":105,"alive":true,"ammo":[{"n":0,"reloadMsLeft":2450},{"n":1,"reloadMsLeft":0},{"n":1,"reloadMsLeft":0},null],"sweep":0.9424777960769433,"cls":"mineLayer","upg":[0,0,0,0,0,0,0,0,0,0,0,0,0,0],"pts":0,"offer":[],"boostUntil":0},"contacts":[],"events":[],"mines":[{"id":"om","x":300,"y":0,"own":true,"by":"a"}]}",
  "{"t":650,"tick":13,"ackSeq":1,"you":{"id":"a","x":0,"y":0,"heading":0,"speed":0,"hp":105,"alive":true,"ammo":[{"n":0,"reloadMsLeft":2400},{"n":1,"reloadMsLeft":0},{"n":1,"reloadMsLeft":0},null],"sweep":1.0210176124166885,"cls":"mineLayer","upg":[0,0,0,0,0,0,0,0,0,0,0,0,0,0],"pts":0,"offer":[],"boostUntil":0},"contacts":[],"events":[],"mines":[{"id":"om","x":300,"y":0,"own":true,"by":"a"}]}",
  "{"t":700,"tick":14,"ackSeq":1,"you":{"id":"a","x":0,"y":0,"heading":0,"speed":0,"hp":105,"alive":true,"ammo":[{"n":0,"reloadMsLeft":2350},{"n":1,"reloadMsLeft":0},{"n":1,"reloadMsLeft":0},null],"sweep":1.0995574287564338,"cls":"mineLayer","upg":[0,0,0,0,0,0,0,0,0,0,0,0,0,0],"pts":0,"offer":[],"boostUntil":0},"contacts":[],"events":[],"mines":[{"id":"om","x":300,"y":0,"own":true,"by":"a"}]}",
  "{"t":750,"tick":15,"ackSeq":1,"you":{"id":"a","x":0,"y":0,"heading":0,"speed":0,"hp":105,"alive":true,"ammo":[{"n":0,"reloadMsLeft":2300},{"n":1,"reloadMsLeft":0},{"n":1,"reloadMsLeft":0},null],"sweep":1.178097245096179,"cls":"mineLayer","upg":[0,0,0,0,0,0,0,0,0,0,0,0,0,0],"pts":0,"offer":[],"boostUntil":0},"contacts":[],"events":[],"mines":[{"id":"om","x":300,"y":0,"own":true,"by":"a"}]}",
  "{"t":800,"tick":16,"ackSeq":1,"you":{"id":"a","x":0,"y":0,"heading":0,"speed":0,"hp":105,"alive":true,"ammo":[{"n":0,"reloadMsLeft":2250},{"n":1,"reloadMsLeft":0},{"n":1,"reloadMsLeft":0},null],"sweep":1.2566370614359244,"cls":"mineLayer","upg":[0,0,0,0,0,0,0,0,0,0,0,0,0,0],"pts":0,"offer":[],"boostUntil":0},"contacts":[],"events":[],"mines":[{"id":"om","x":300,"y":0,"own":true,"by":"a"}]}",
  "{"t":850,"tick":17,"ackSeq":1,"you":{"id":"a","x":0,"y":0,"heading":0,"speed":0,"hp":105,"alive":true,"ammo":[{"n":0,"reloadMsLeft":2200},{"n":1,"reloadMsLeft":0},{"n":1,"reloadMsLeft":0},null],"sweep":1.3351768777756696,"cls":"mineLayer","upg":[0,0,0,0,0,0,0,0,0,0,0,0,0,0],"pts":0,"offer":[],"boostUntil":0},"contacts":[],"events":[],"mines":[{"id":"om","x":300,"y":0,"own":true,"by":"a"}]}",
  "{"t":900,"tick":18,"ackSeq":1,"you":{"id":"a","x":0,"y":0,"heading":0,"speed":0,"hp":105,"alive":true,"ammo":[{"n":0,"reloadMsLeft":2150},{"n":1,"reloadMsLeft":0},{"n":1,"reloadMsLeft":0},null],"sweep":1.413716694115415,"cls":"mineLayer","upg":[0,0,0,0,0,0,0,0,0,0,0,0,0,0],"pts":0,"offer":[],"boostUntil":0},"contacts":[],"events":[],"mines":[{"id":"om","x":300,"y":0,"own":true,"by":"a"}]}",
  "{"t":950,"tick":19,"ackSeq":1,"you":{"id":"a","x":0,"y":0,"heading":0,"speed":0,"hp":105,"alive":true,"ammo":[{"n":0,"reloadMsLeft":2100},{"n":1,"reloadMsLeft":0},{"n":1,"reloadMsLeft":0},null],"sweep":1.4922565104551602,"cls":"mineLayer","upg":[0,0,0,0,0,0,0,0,0,0,0,0,0,0],"pts":0,"offer":[],"boostUntil":0},"contacts":[],"events":[],"mines":[{"id":"om","x":300,"y":0,"own":true,"by":"a"}]}",
  "{"t":1000,"tick":20,"ackSeq":1,"you":{"id":"a","x":0,"y":0,"heading":0,"speed":0,"hp":105,"alive":true,"ammo":[{"n":0,"reloadMsLeft":2050},{"n":1,"reloadMsLeft":0},{"n":1,"reloadMsLeft":0},null],"sweep":1.5707963267949054,"cls":"mineLayer","upg":[0,0,0,0,0,0,0,0,0,0,0,0,0,0],"pts":0,"offer":[],"boostUntil":0},"contacts":[],"events":[],"mines":[{"id":"om","x":300,"y":0,"own":true,"by":"a"}]}",
  "{"t":1050,"tick":21,"ackSeq":1,"you":{"id":"a","x":0,"y":0,"heading":0,"speed":0,"hp":105,"alive":true,"ammo":[{"n":0,"reloadMsLeft":2000},{"n":1,"reloadMsLeft":0},{"n":1,"reloadMsLeft":0},null],"sweep":1.6493361431346507,"cls":"mineLayer","upg":[0,0,0,0,0,0,0,0,0,0,0,0,0,0],"pts":0,"offer":[],"boostUntil":0},"contacts":[],"events":[],"mines":[{"id":"om","x":300,"y":0,"own":true,"by":"a"}]}",
  "{"t":1100,"tick":22,"ackSeq":1,"you":{"id":"a","x":0,"y":0,"heading":0,"speed":0,"hp":105,"alive":true,"ammo":[{"n":0,"reloadMsLeft":1950},{"n":1,"reloadMsLeft":0},{"n":1,"reloadMsLeft":0},null],"sweep":1.727875959474396,"cls":"mineLayer","upg":[0,0,0,0,0,0,0,0,0,0,0,0,0,0],"pts":0,"offer":[],"boostUntil":0},"contacts":[],"events":[],"mines":[{"id":"om","x":300,"y":0,"own":true,"by":"a"}]}",
  "{"t":1150,"tick":23,"ackSeq":1,"you":{"id":"a","x":0,"y":0,"heading":0,"speed":0,"hp":105,"alive":true,"ammo":[{"n":0,"reloadMsLeft":1900},{"n":1,"reloadMsLeft":0},{"n":1,"reloadMsLeft":0},null],"sweep":1.8064157758141413,"cls":"mineLayer","upg":[0,0,0,0,0,0,0,0,0,0,0,0,0,0],"pts":0,"offer":[],"boostUntil":0},"contacts":[],"events":[],"mines":[{"id":"om","x":300,"y":0,"own":true,"by":"a"}]}",
  "{"t":1200,"tick":24,"ackSeq":1,"you":{"id":"a","x":0,"y":0,"heading":0,"speed":0,"hp":105,"alive":true,"ammo":[{"n":0,"reloadMsLeft":1850},{"n":1,"reloadMsLeft":0},{"n":1,"reloadMsLeft":0},null],"sweep":1.8849555921538865,"cls":"mineLayer","upg":[0,0,0,0,0,0,0,0,0,0,0,0,0,0],"pts":0,"offer":[],"boostUntil":0},"contacts":[],"events":[],"mines":[{"id":"om","x":300,"y":0,"own":true,"by":"a"}]}",
  "{"t":1250,"tick":25,"ackSeq":1,"you":{"id":"a","x":0,"y":0,"heading":0,"speed":0,"hp":105,"alive":true,"ammo":[{"n":0,"reloadMsLeft":1800},{"n":1,"reloadMsLeft":0},{"n":1,"reloadMsLeft":0},null],"sweep":1.9634954084936318,"cls":"mineLayer","upg":[0,0,0,0,0,0,0,0,0,0,0,0,0,0],"pts":0,"offer":[],"boostUntil":0},"contacts":[],"events":[],"mines":[{"id":"om","x":300,"y":0,"own":true,"by":"a"}]}",
  "{"t":1300,"tick":26,"ackSeq":1,"you":{"id":"a","x":0,"y":0,"heading":0,"speed":0,"hp":105,"alive":true,"ammo":[{"n":0,"reloadMsLeft":1750},{"n":1,"reloadMsLeft":0},{"n":1,"reloadMsLeft":0},null],"sweep":2.042035224833377,"cls":"mineLayer","upg":[0,0,0,0,0,0,0,0,0,0,0,0,0,0],"pts":0,"offer":[],"boostUntil":0},"contacts":[],"events":[],"mines":[{"id":"om","x":300,"y":0,"own":true,"by":"a"}]}",
  "{"t":1350,"tick":27,"ackSeq":1,"you":{"id":"a","x":0,"y":0,"heading":0,"speed":0,"hp":105,"alive":true,"ammo":[{"n":0,"reloadMsLeft":1700},{"n":1,"reloadMsLeft":0},{"n":1,"reloadMsLeft":0},null],"sweep":2.1205750411731223,"cls":"mineLayer","upg":[0,0,0,0,0,0,0,0,0,0,0,0,0,0],"pts":0,"offer":[],"boostUntil":0},"contacts":[],"events":[],"mines":[{"id":"om","x":300,"y":0,"own":true,"by":"a"}]}",
  "{"t":1400,"tick":28,"ackSeq":1,"you":{"id":"a","x":0,"y":0,"heading":0,"speed":0,"hp":105,"alive":true,"ammo":[{"n":0,"reloadMsLeft":1650},{"n":1,"reloadMsLeft":0},{"n":1,"reloadMsLeft":0},null],"sweep":2.1991148575128676,"cls":"mineLayer","upg":[0,0,0,0,0,0,0,0,0,0,0,0,0,0],"pts":0,"offer":[],"boostUntil":0},"contacts":[],"events":[],"mines":[{"id":"om","x":300,"y":0,"own":true,"by":"a"}]}",
  "{"t":1450,"tick":29,"ackSeq":1,"you":{"id":"a","x":0,"y":0,"heading":0,"speed":0,"hp":105,"alive":true,"ammo":[{"n":0,"reloadMsLeft":1600},{"n":1,"reloadMsLeft":0},{"n":1,"reloadMsLeft":0},null],"sweep":2.277654673852613,"cls":"mineLayer","upg":[0,0,0,0,0,0,0,0,0,0,0,0,0,0],"pts":0,"offer":[],"boostUntil":0},"contacts":[],"events":[],"mines":[{"id":"om","x":300,"y":0,"own":true,"by":"a"}]}",
  "{"t":1500,"tick":30,"ackSeq":1,"you":{"id":"a","x":0,"y":0,"heading":0,"speed":0,"hp":105,"alive":true,"ammo":[{"n":0,"reloadMsLeft":1550},{"n":1,"reloadMsLeft":0},{"n":1,"reloadMsLeft":0},null],"sweep":2.356194490192358,"cls":"mineLayer","upg":[0,0,0,0,0,0,0,0,0,0,0,0,0,0],"pts":0,"offer":[],"boostUntil":0},"contacts":[],"events":[],"mines":[{"id":"om","x":300,"y":0,"own":true,"by":"a"}]}",
  "{"t":1550,"tick":31,"ackSeq":1,"you":{"id":"a","x":0,"y":0,"heading":0,"speed":0,"hp":105,"alive":true,"ammo":[{"n":0,"reloadMsLeft":1500},{"n":1,"reloadMsLeft":0},{"n":1,"reloadMsLeft":0},null],"sweep":2.4347343065321034,"cls":"mineLayer","upg":[0,0,0,0,0,0,0,0,0,0,0,0,0,0],"pts":0,"offer":[],"boostUntil":0},"contacts":[],"events":[],"mines":[{"id":"om","x":300,"y":0,"own":true,"by":"a"}]}",
  "{"t":1600,"tick":32,"ackSeq":1,"you":{"id":"a","x":0,"y":0,"heading":0,"speed":0,"hp":105,"alive":true,"ammo":[{"n":0,"reloadMsLeft":1450},{"n":1,"reloadMsLeft":0},{"n":1,"reloadMsLeft":0},null],"sweep":2.5132741228718487,"cls":"mineLayer","upg":[0,0,0,0,0,0,0,0,0,0,0,0,0,0],"pts":0,"offer":[],"boostUntil":0},"contacts":[],"events":[],"mines":[{"id":"om","x":300,"y":0,"own":true,"by":"a"}]}",
  "{"t":1650,"tick":33,"ackSeq":1,"you":{"id":"a","x":0,"y":0,"heading":0,"speed":0,"hp":105,"alive":true,"ammo":[{"n":0,"reloadMsLeft":1400},{"n":1,"reloadMsLeft":0},{"n":1,"reloadMsLeft":0},null],"sweep":2.591813939211594,"cls":"mineLayer","upg":[0,0,0,0,0,0,0,0,0,0,0,0,0,0],"pts":0,"offer":[],"boostUntil":0},"contacts":[],"events":[],"mines":[{"id":"om","x":300,"y":0,"own":true,"by":"a"}]}",
  "{"t":1700,"tick":34,"ackSeq":1,"you":{"id":"a","x":0,"y":0,"heading":0,"speed":0,"hp":105,"alive":true,"ammo":[{"n":0,"reloadMsLeft":1350},{"n":1,"reloadMsLeft":0},{"n":1,"reloadMsLeft":0},null],"sweep":2.6703537555513392,"cls":"mineLayer","upg":[0,0,0,0,0,0,0,0,0,0,0,0,0,0],"pts":0,"offer":[],"boostUntil":0},"contacts":[],"events":[],"mines":[{"id":"om","x":300,"y":0,"own":true,"by":"a"}]}",
  "{"t":1750,"tick":35,"ackSeq":1,"you":{"id":"a","x":0,"y":0,"heading":0,"speed":0,"hp":105,"alive":true,"ammo":[{"n":0,"reloadMsLeft":1300},{"n":1,"reloadMsLeft":0},{"n":1,"reloadMsLeft":0},null],"sweep":2.7488935718910845,"cls":"mineLayer","upg":[0,0,0,0,0,0,0,0,0,0,0,0,0,0],"pts":0,"offer":[],"boostUntil":0},"contacts":[],"events":[],"mines":[{"id":"om","x":300,"y":0,"own":true,"by":"a"}]}",
  "{"t":1800,"tick":36,"ackSeq":1,"you":{"id":"a","x":0,"y":0,"heading":0,"speed":0,"hp":105,"alive":true,"ammo":[{"n":0,"reloadMsLeft":1250},{"n":1,"reloadMsLeft":0},{"n":1,"reloadMsLeft":0},null],"sweep":2.82743338823083,"cls":"mineLayer","upg":[0,0,0,0,0,0,0,0,0,0,0,0,0,0],"pts":0,"offer":[],"boostUntil":0},"contacts":[],"events":[],"mines":[{"id":"om","x":300,"y":0,"own":true,"by":"a"}]}",
  "{"t":1850,"tick":37,"ackSeq":1,"you":{"id":"a","x":0,"y":0,"heading":0,"speed":0,"hp":105,"alive":true,"ammo":[{"n":0,"reloadMsLeft":1200},{"n":1,"reloadMsLeft":0},{"n":1,"reloadMsLeft":0},null],"sweep":2.905973204570575,"cls":"mineLayer","upg":[0,0,0,0,0,0,0,0,0,0,0,0,0,0],"pts":0,"offer":[],"boostUntil":0},"contacts":[],"events":[],"mines":[{"id":"om","x":300,"y":0,"own":true,"by":"a"}]}",
  "{"t":1900,"tick":38,"ackSeq":1,"you":{"id":"a","x":0,"y":0,"heading":0,"speed":0,"hp":105,"alive":true,"ammo":[{"n":0,"reloadMsLeft":1150},{"n":1,"reloadMsLeft":0},{"n":1,"reloadMsLeft":0},null],"sweep":2.9845130209103203,"cls":"mineLayer","upg":[0,0,0,0,0,0,0,0,0,0,0,0,0,0],"pts":0,"offer":[],"boostUntil":0},"contacts":[],"events":[],"mines":[{"id":"om","x":300,"y":0,"own":true,"by":"a"}]}",
  "{"t":1950,"tick":39,"ackSeq":1,"you":{"id":"a","x":0,"y":0,"heading":0,"speed":0,"hp":105,"alive":true,"ammo":[{"n":0,"reloadMsLeft":1100},{"n":1,"reloadMsLeft":0},{"n":1,"reloadMsLeft":0},null],"sweep":3.0630528372500656,"cls":"mineLayer","upg":[0,0,0,0,0,0,0,0,0,0,0,0,0,0],"pts":0,"offer":[],"boostUntil":0},"contacts":[],"events":[],"mines":[{"id":"om","x":300,"y":0,"own":true,"by":"a"}]}",
  "{"t":2000,"tick":40,"ackSeq":1,"you":{"id":"a","x":0,"y":0,"heading":0,"speed":0,"hp":105,"alive":true,"ammo":[{"n":0,"reloadMsLeft":1050},{"n":1,"reloadMsLeft":0},{"n":1,"reloadMsLeft":0},null],"sweep":3.141592653589811,"cls":"mineLayer","upg":[0,0,0,0,0,0,0,0,0,0,0,0,0,0],"pts":0,"offer":[],"boostUntil":0},"contacts":[],"events":[],"mines":[{"id":"om","x":300,"y":0,"own":true,"by":"a"}]}",
  "{"t":2050,"tick":41,"ackSeq":1,"you":{"id":"a","x":0,"y":0,"heading":0,"speed":0,"hp":105,"alive":true,"ammo":[{"n":0,"reloadMsLeft":1000},{"n":1,"reloadMsLeft":0},{"n":1,"reloadMsLeft":0},null],"sweep":3.220132469929556,"cls":"mineLayer","upg":[0,0,0,0,0,0,0,0,0,0,0,0,0,0],"pts":0,"offer":[],"boostUntil":0},"contacts":[],"events":[{"k":"burst","id":"s1","x":300,"y":0}],"mines":[]}",
  "{"t":50,"tick":1,"ackSeq":1,"you":{"id":"a","x":0,"y":0,"heading":0,"speed":0,"hp":105,"alive":true,"ammo":[{"n":1,"reloadMsLeft":0},{"n":1,"reloadMsLeft":0},{"n":0,"reloadMsLeft":20000},null],"sweep":0.07853981633974527,"cls":"mineLayer","upg":[0,0,0,0,0,0,0,0,0,0,0,0,0,0],"pts":0,"offer":[],"boostUntil":0},"contacts":[{"id":"e","x":-76,"y":60,"heading":0,"speed":0,"cls":"torpedoBoat"}],"events":[{"k":"spawn","id":"a","x":605.5852001170321,"y":389.4439181695026}],"mines":[],"decoys":[{"id":"d1","x":-76,"y":-9.307315673519884e-15,"until":30050,"own":true,"by":"a"}]}",
  "{"t":50,"tick":1,"ackSeq":0,"you":{"id":"c","x":0,"y":-400,"heading":0,"speed":0,"hp":70,"alive":true,"ammo":[{"n":1,"reloadMsLeft":0},{"n":1,"reloadMsLeft":0},{"n":1,"reloadMsLeft":0},null],"sweep":1.7785582733084908,"cls":"torpedoBoat","upg":[0,0,0,0,0,0,0,0,0,0,0,0,0,0],"pts":0,"offer":[],"boostUntil":0},"contacts":[],"events":[{"k":"spawn","id":"c","x":-482.86829912101643,"y":-534.0769660863278},{"k":"blip","id":"a","x":-76,"y":-9.307315673519884e-15,"t":50}],"mines":[]}",
  "{"t":50,"tick":1,"ackSeq":0,"you":{"id":"e","x":-76,"y":60,"heading":0,"speed":0,"hp":70,"alive":true,"ammo":[{"n":1,"reloadMsLeft":0},{"n":1,"reloadMsLeft":0},{"n":1,"reloadMsLeft":0},null],"sweep":3.1416926535897933,"cls":"torpedoBoat","upg":[0,0,0,0,0,0,0,0,0,0,0,0,0,0],"pts":0,"offer":[],"boostUntil":0},"contacts":[{"id":"a","x":0,"y":0,"heading":0,"speed":0,"cls":"mineLayer"}],"events":[{"k":"spawn","id":"e","x":-569.1436340641364,"y":-440.99379111759424}],"mines":[],"decoys":[{"id":"d1","x":-76,"y":-9.307315673519884e-15,"until":30050,"own":false,"by":"a"}]}",
  "{"t":30100,"tick":602,"ackSeq":1,"you":{"id":"a","x":0,"y":0,"heading":0,"speed":0,"hp":105,"alive":true,"ammo":[{"n":1,"reloadMsLeft":0},{"n":1,"reloadMsLeft":0},{"n":1,"reloadMsLeft":0},null],"sweep":3.29867228626955,"cls":"mineLayer","upg":[0,0,0,0,0,0,0,0,0,0,0,0,0,0],"pts":0,"offer":[],"boostUntil":0},"contacts":[{"id":"e","x":-76,"y":60,"heading":0,"speed":0,"cls":"torpedoBoat"}],"events":[],"mines":[]}",
  "{"t":50,"tick":1,"ackSeq":1,"you":{"id":"a","x":0,"y":0,"heading":0,"speed":0,"hp":70,"alive":true,"ammo":[{"n":1,"reloadMsLeft":0},{"n":1,"reloadMsLeft":0},{"n":1,"reloadMsLeft":0},null],"sweep":0.07853981633974527,"cls":"torpedoBoat","upg":[0,0,0,0,0,0,0,0,0,0,0,0,0,0],"pts":0,"offer":[],"boostUntil":0},"contacts":[{"id":"b","x":120,"y":0,"heading":0,"speed":0,"cls":"torpedoBoat"}],"events":[{"k":"spawn","id":"a","x":-530.2369528258615,"y":-487.08189645884505}],"mines":[],"denied":[{"slot":1,"reason":"out-of-arc","seq":1}]}",
  "{"t":50,"tick":1,"ackSeq":1,"you":{"id":"m","x":400,"y":0,"heading":0,"speed":0,"hp":105,"alive":true,"ammo":[{"n":1,"reloadMsLeft":0},{"n":1,"reloadMsLeft":0},{"n":1,"reloadMsLeft":0},null],"sweep":0.07853981633974527,"cls":"mineLayer","upg":[0,0,0,0,0,0,0,0,0,0,0,0,0,0],"pts":0,"offer":[],"boostUntil":0},"contacts":[],"events":[{"k":"spawn","id":"m","x":-719.6917720574698,"y":-21.065451164854434}],"mines":[],"denied":[{"slot":1,"reason":"blocked","seq":1}]}",
  "{"t":50,"tick":1,"ackSeq":0,"you":{"id":"b","x":120,"y":0,"heading":0,"speed":0,"hp":70,"alive":true,"ammo":[{"n":1,"reloadMsLeft":0},{"n":1,"reloadMsLeft":0},{"n":1,"reloadMsLeft":0},null],"sweep":0.07853981633974527,"cls":"torpedoBoat","upg":[0,0,0,0,0,0,0,0,0,0,0,0,0,0],"pts":0,"offer":[],"boostUntil":0},"contacts":[{"id":"a","x":0,"y":0,"heading":0,"speed":0,"cls":"torpedoBoat"}],"events":[{"k":"spawn","id":"b","x":418.04386955477577,"y":586.2075768255386}],"mines":[]}",
  "{"t":100,"tick":2,"ackSeq":2,"you":{"id":"a","x":0,"y":0,"heading":0,"speed":0,"hp":70,"alive":true,"ammo":[{"n":0,"reloadMsLeft":3000},{"n":1,"reloadMsLeft":0},{"n":0,"reloadMsLeft":18000},null],"sweep":0.15707963267949054,"cls":"torpedoBoat","upg":[0,0,0,0,0,0,0,0,0,0,0,0,0,0],"pts":0,"offer":[],"boostUntil":6100},"contacts":[{"id":"b","x":120,"y":0,"heading":0,"speed":0,"cls":"torpedoBoat"}],"events":[{"k":"shell","id":"s1","x":52.00000000000001,"y":0,"vx":130,"vy":0,"t":100}],"mines":[]}",
  "{"t":150,"tick":3,"ackSeq":3,"you":{"id":"a","x":0,"y":0,"heading":0,"speed":0,"hp":70,"alive":true,"ammo":[{"n":0,"reloadMsLeft":2950},{"n":1,"reloadMsLeft":0},{"n":0,"reloadMsLeft":17950},null],"sweep":0.23561944901923582,"cls":"torpedoBoat","upg":[0,0,0,0,0,0,0,0,0,0,0,0,0,0],"pts":0,"offer":[],"boostUntil":6100},"contacts":[{"id":"b","x":120,"y":0,"heading":0,"speed":0,"cls":"torpedoBoat"}],"events":[],"mines":[],"denied":[{"slot":0,"reason":"cooling","seq":3},{"slot":2,"reason":"no-ammo","seq":2}]}",
]
`;
