// Vitest Snapshot v1, https://vitest.dev/guide/snapshot.html

exports[`golden frames — byte-identity gate for the perception refactor > RETURN grammar (R6): the full battery — the one radar, byte-identical to production 1`] = `
[
  "{"t":50,"tick":1,"ackSeq":0,"you":{"id":"a","x":0,"y":0,"heading":0,"speed":0,"hp":250,"alive":true,"ammo":[{"n":1,"reloadMsLeft":0},{"n":1,"reloadMsLeft":0},{"n":1,"reloadMsLeft":0},null,null,null,null,null,null],"sweep":0.07853981633974527,"cls":"torpedoBoat","gun":"deckGun","pts":0,"offer":[],"boostUntil":0,"repairHp":0,"cards":["heavyTorpedo"],"lvl":0,"xp":0.0008333333333333334},"contacts":[{"id":"b","x":100,"y":0,"heading":1.5,"speed":0,"cls":"torpedoBoat"}],"events":[{"k":"spawn","id":"a","x":2239.630751872332,"y":40.67057004485717},{"k":"blip","t":50,"gx":36,"gy":0,"w":15,"h":4,"bits":[-1073751065,268066247]}],"mines":[]}",
  "{"t":50,"tick":1,"ackSeq":0,"you":{"id":"b","x":100,"y":0,"heading":1.5,"speed":0,"hp":250,"alive":true,"ammo":[{"n":1,"reloadMsLeft":0},{"n":1,"reloadMsLeft":0},{"n":1,"reloadMsLeft":0},null,null,null,null,null,null],"sweep":0.07853981633974527,"cls":"torpedoBoat","gun":"deckGun","pts":0,"offer":[],"boostUntil":0,"repairHp":0,"cards":["heavyTorpedo"],"lvl":0,"xp":0.0008333333333333334},"contacts":[{"id":"a","x":0,"y":0,"heading":0,"speed":0,"cls":"torpedoBoat"},{"id":"c","x":399.69161449628916,"y":15.703926303627444,"heading":0,"speed":0,"cls":"torpedoBoat"}],"events":[{"k":"spawn","id":"b","x":-653.4039527906925,"y":-2142.583317977973}],"mines":[]}",
  "{"t":0,"tick":0,"ackSeq":0,"you":{"id":"a","x":0,"y":0,"heading":0,"speed":0,"hp":250,"alive":true,"ammo":[{"n":1,"reloadMsLeft":0},{"n":1,"reloadMsLeft":0},{"n":1,"reloadMsLeft":0},null,null,null,null,null,null],"sweep":0,"cls":"torpedoBoat","gun":"deckGun","pts":0,"offer":[],"boostUntil":0,"repairHp":0,"cards":["heavyTorpedo"],"lvl":0,"xp":0},"contacts":[{"id":"b","x":150,"y":0,"heading":0,"speed":0,"cls":"torpedoBoat"}],"events":[{"k":"torp","id":"tp","x":0,"y":300,"vx":3.061616997868383e-14,"vy":500,"t":0},{"k":"shell","id":"sg","x":130,"y":0,"vx":500,"vy":0,"t":0}],"mines":[]}",
  "{"t":50,"tick":1,"ackSeq":0,"you":{"id":"a","x":0,"y":0,"heading":0,"speed":0,"hp":250,"alive":true,"ammo":[{"n":1,"reloadMsLeft":0},{"n":1,"reloadMsLeft":0},{"n":1,"reloadMsLeft":0},null,null,null,null,null,null],"sweep":0.07853981633974527,"cls":"torpedoBoat","gun":"deckGun","pts":1,"offer":["deckGunBarrel","deckGunTurret","phosphorShells","deckGun"],"boostUntil":0,"repairHp":0,"cards":["heavyTorpedo"],"lvl":1,"xp":0.0008333333333333334},"contacts":[{"id":"b","x":150,"y":0,"heading":0,"speed":0,"cls":"torpedoBoat"}],"events":[{"k":"spawn","id":"a","x":-1197.6017861235284,"y":1892.9738407790358},{"k":"boom","id":"sg","hit":"b","x":130,"y":0},{"k":"hc","id":"a","x":130,"y":0},{"k":"pt","id":"a"},{"k":"sunk","id":"b","by":"a","seen":true,"vcls":"torpedoBoat"}],"mines":[]}",
  "{"t":50,"tick":1,"ackSeq":0,"you":{"id":"b","x":150,"y":0,"heading":0,"speed":0,"hp":0,"alive":false,"ammo":[{"n":1,"reloadMsLeft":0},{"n":1,"reloadMsLeft":0},{"n":1,"reloadMsLeft":0},null,null,null,null,null,null],"sweep":0.07853981633974527,"cls":"torpedoBoat","gun":"deckGun","pts":0,"offer":[],"boostUntil":0,"repairHp":0,"cards":["heavyTorpedo"],"lvl":0,"xp":0,"sinkingUntil":5050},"contacts":[{"id":"a","x":0,"y":0,"heading":0,"speed":0,"cls":"torpedoBoat"}],"events":[{"k":"spawn","id":"b","x":-1892.973840779036,"y":-1197.6017861235284},{"k":"boom","id":"sg","hit":"b","x":130,"y":0},{"k":"dmg","id":"b","amount":15,"hp":0},{"k":"sunk","id":"b","by":"a","seen":true}],"mines":[]}",
  "{"t":50,"tick":1,"ackSeq":0,"you":{"id":"a","x":0,"y":0,"heading":0,"speed":0,"hp":220,"alive":true,"ammo":[{"n":1,"reloadMsLeft":0},{"n":1,"reloadMsLeft":0},{"n":1,"reloadMsLeft":0},null,null,null,null,null,null],"sweep":0.07853981633974527,"cls":"torpedoBoat","gun":"deckGun","pts":0,"offer":[],"boostUntil":0,"repairHp":0,"cards":["heavyTorpedo","speed"],"lvl":1,"xp":0.0008333333333333334},"contacts":[],"events":[{"k":"spawn","id":"a","x":2174.706259865314,"y":536.8916867512623},{"k":"pt","id":"a"},{"k":"sunk","id":"b","by":"a","vcls":"torpedoBoat"},{"k":"bn","id":"a","boon":"speed"},{"k":"blip","t":50,"gx":36,"gy":-1,"w":17,"h":4,"bits":[-199042,1039348735,4]}],"mines":[]}",
  "{"t":0,"tick":0,"ackSeq":0,"you":{"id":"a","x":0,"y":0,"heading":0,"speed":0,"hp":250,"alive":true,"ammo":[{"n":1,"reloadMsLeft":0},{"n":1,"reloadMsLeft":0},{"n":1,"reloadMsLeft":0},null,null,null,null,null,null],"sweep":0,"cls":"torpedoBoat","gun":"deckGun","pts":0,"offer":[],"boostUntil":0,"repairHp":0,"cards":["heavyTorpedo"],"lvl":0,"xp":0},"contacts":[],"events":[],"mines":[{"id":"own","x":900,"y":900,"own":true,"by":"a","c":"naval"},{"id":"seen","x":247.5,"y":0,"own":false,"by":"b"}]}",
  "{"t":50,"tick":1,"ackSeq":0,"contacts":[{"id":"b","x":660,"y":0,"heading":0,"speed":0,"cls":"torpedoBoat"},{"id":"c","x":-600,"y":400,"heading":1.1999999999999993,"speed":0,"cls":"torpedoBoat"}],"events":[{"k":"spawn","id":"a","x":1570.6683164807896,"y":-1597.0601239788696},{"k":"spawn","id":"b","x":1570.6683164807896,"y":-1597.0601239788696},{"k":"spawn","id":"c","x":-331.9689726600787,"y":2215.264454007921},{"k":"sunk","id":"a","by":"b","seen":true}],"mines":[{"id":"sm","x":800,"y":800,"own":true,"by":"a","c":"naval"}],"spec":true}",
  "{"t":50,"tick":1,"ackSeq":0,"contacts":[{"id":"b","x":660,"y":0,"heading":0,"speed":0,"cls":"torpedoBoat"},{"id":"c","x":-600,"y":400,"heading":1.1999999999999993,"speed":0,"cls":"torpedoBoat"}],"events":[{"k":"spawn","id":"a","x":1570.6683164807896,"y":-1597.0601239788696},{"k":"spawn","id":"b","x":1570.6683164807896,"y":-1597.0601239788696},{"k":"spawn","id":"c","x":-331.9689726600787,"y":2215.264454007921},{"k":"pt","id":"b"},{"k":"sunk","id":"a","by":"b","seen":true,"vcls":"torpedoBoat"}],"mines":[{"id":"sm","x":800,"y":800,"own":false,"by":"a"}],"spec":true}",
  "{"t":50,"tick":1,"ackSeq":0,"you":{"id":"a","x":0,"y":0,"heading":0,"speed":0,"hp":250,"alive":true,"ammo":[{"n":1,"reloadMsLeft":0},{"n":1,"reloadMsLeft":0},{"n":1,"reloadMsLeft":0},null,null,null,null,null,null],"sweep":0.07853981633974527,"cls":"torpedoBoat","gun":"deckGun","pts":0,"offer":[],"boostUntil":0,"repairHp":0,"cards":["heavyTorpedo"],"lvl":0,"xp":0.0008333333333333334},"contacts":[],"events":[{"k":"spawn","id":"a","x":-758.4617534310294,"y":2107.684931051681},{"k":"boom","id":"st","x":315,"y":0},{"k":"hc","id":"a","x":315,"y":0},{"k":"sm","x":342,"y":0,"tier":1},{"k":"blip","t":50,"gx":31,"gy":-1,"w":15,"h":3,"bits":[-1879056983,6014]}],"mines":[]}",
  "{"t":50,"tick":1,"ackSeq":0,"you":{"id":"b","x":342,"y":0,"heading":0,"speed":0,"hp":85,"alive":true,"ammo":[{"n":1,"reloadMsLeft":0},{"n":1,"reloadMsLeft":0},{"n":1,"reloadMsLeft":0},null,null,null,null,null,null],"sweep":0.07853981633974527,"cls":"torpedoBoat","gun":"deckGun","pts":0,"offer":[],"boostUntil":0,"repairHp":0,"cards":["heavyTorpedo"],"lvl":0,"xp":0.0008333333333333334},"contacts":[],"events":[{"k":"spawn","id":"b","x":-758.4617534310294,"y":2107.684931051681},{"k":"boom","id":"st","hit":"b","x":315,"y":0},{"k":"dmg","id":"b","amount":15,"hp":85},{"k":"sm","x":342,"y":0,"tier":1}],"mines":[]}",
  "{"t":0,"tick":0,"ackSeq":0,"you":{"id":"a","x":0,"y":0,"heading":0,"speed":0,"hp":250,"alive":true,"ammo":[{"n":1,"reloadMsLeft":0},{"n":1,"reloadMsLeft":0},{"n":1,"reloadMsLeft":0},null,null,null,null,null,null],"sweep":3.191592653589793,"cls":"torpedoBoat","gun":"deckGun","pts":0,"offer":[],"boostUntil":0,"repairHp":0,"cards":["heavyTorpedo"],"lvl":0,"xp":0},"contacts":[{"id":"c","x":100,"y":100,"heading":0,"speed":0,"cls":"torpedoBoat"}],"events":[{"k":"blip","t":0,"gx":-52,"gy":-2,"w":15,"h":4,"bits":[-606102278,223690751]},{"k":"blip","t":0,"gx":-8,"gy":42,"w":16,"h":5,"bits":[-287081480,-47923201,9662]}],"mines":[]}",
  "{"t":0,"tick":0,"ackSeq":0,"you":{"id":"b","x":0,"y":0,"heading":0,"speed":0,"hp":250,"alive":true,"ammo":[{"n":1,"reloadMsLeft":0},{"n":1,"reloadMsLeft":0},{"n":1,"reloadMsLeft":0},null,null,null,null,null,null],"sweep":0,"cls":"torpedoBoat","gun":"deckGun","pts":0,"offer":[],"boostUntil":0,"repairHp":0,"cards":["heavyTorpedo"],"lvl":0,"xp":0},"contacts":[],"events":[],"mines":[]}",
  "{"t":50,"tick":1,"ackSeq":0,"you":{"id":"b","x":0,"y":0,"heading":0,"speed":0,"hp":250,"alive":true,"ammo":[{"n":1,"reloadMsLeft":0},{"n":1,"reloadMsLeft":0},{"n":1,"reloadMsLeft":0},null,null,null,null,null,null],"sweep":0.07853981633974527,"cls":"torpedoBoat","gun":"deckGun","pts":0,"offer":[],"boostUntil":0,"repairHp":0,"cards":["heavyTorpedo"],"lvl":0,"xp":0.0008333333333333334},"contacts":[],"events":[{"k":"spawn","id":"b","x":989.8801515368228,"y":2009.4121741428353},{"k":"shell","id":"sh","x":311,"y":3.061616997868383e-15,"vx":-500,"vy":6.123233995736766e-14,"t":50},{"k":"torp","id":"tp","x":1.5308084989341915e-15,"y":228.5,"vx":3.061616997868383e-14,"vy":-500,"t":50}],"mines":[]}",
  "{"t":100,"tick":2,"ackSeq":0,"you":{"id":"b","x":0,"y":0,"heading":0,"speed":0,"hp":250,"alive":true,"ammo":[{"n":1,"reloadMsLeft":0},{"n":1,"reloadMsLeft":0},{"n":1,"reloadMsLeft":0},null,null,null,null,null,null],"sweep":0.15707963267949054,"cls":"torpedoBoat","gun":"deckGun","pts":0,"offer":[],"boostUntil":0,"repairHp":0,"cards":["heavyTorpedo"],"lvl":0,"xp":0.0016666666666666668},"contacts":[],"events":[],"mines":[]}",
  "{"t":50,"tick":1,"ackSeq":0,"contacts":[{"id":"e","x":150,"y":0,"heading":0,"speed":0,"cls":"torpedoBoat"}],"events":[{"k":"spawn","id":"c","x":-2076.3524406345236,"y":-840.4525818099771},{"k":"spawn","id":"e","x":-2076.3524406345236,"y":-840.4525818099771},{"k":"sunk","id":"c","by":"b","seen":true},{"k":"boom","id":"hit","hit":"e","x":130,"y":0},{"k":"hc","id":"d","x":130,"y":0},{"k":"dmg","id":"e","amount":15,"hp":85},{"k":"sm","x":150,"y":0,"tier":1},{"k":"shell","id":"fly","x":317.6776695296637,"y":317.67766952966366,"vx":353.5533905932738,"vy":353.5533905932737,"t":50}],"mines":[],"spec":true}",
  "{"t":100,"tick":2,"ackSeq":0,"contacts":[{"id":"e","x":150,"y":0,"heading":0,"speed":0,"cls":"torpedoBoat"}],"events":[],"mines":[],"spec":true}",
  "{"t":50,"tick":1,"ackSeq":1,"you":{"id":"a","x":0,"y":0,"heading":0,"speed":0,"hp":250,"alive":true,"ammo":[{"n":0,"reloadMsLeft":5000},{"n":1,"reloadMsLeft":0},{"n":1,"reloadMsLeft":0},null,null,null,null,null,null],"sweep":0.07853981633974527,"cls":"torpedoBoat","gun":"deckGun","pts":0,"offer":[],"boostUntil":0,"repairHp":0,"cards":["heavyTorpedo"],"lvl":0,"xp":0.0008333333333333334},"contacts":[{"id":"b","x":120,"y":0,"heading":0,"speed":0,"cls":"torpedoBoat"}],"events":[{"k":"spawn","id":"a","x":1004.2136412082815,"y":-2002.2874326158085},{"k":"sm","x":120,"y":0,"tier":1},{"k":"mz","x":52.00000000000001,"y":0},{"k":"shell","id":"s1","x":52.00000000000001,"y":0,"vx":500,"vy":0,"t":50}],"mines":[]}",
  "{"t":50,"tick":1,"ackSeq":0,"you":{"id":"b","x":120,"y":0,"heading":0,"speed":0,"hp":100,"alive":true,"ammo":[{"n":1,"reloadMsLeft":0},{"n":1,"reloadMsLeft":0},{"n":1,"reloadMsLeft":0},null,null,null,null,null,null],"sweep":0.07853981633974527,"cls":"torpedoBoat","gun":"deckGun","pts":0,"offer":[],"boostUntil":0,"repairHp":0,"cards":["heavyTorpedo"],"lvl":0,"xp":0.0008333333333333334},"contacts":[{"id":"a","x":0,"y":0,"heading":0,"speed":0,"cls":"torpedoBoat"}],"events":[{"k":"spawn","id":"b","x":1004.2136412082815,"y":-2002.2874326158085},{"k":"sm","x":120,"y":0,"tier":1},{"k":"mz","x":52.00000000000001,"y":0},{"k":"shell","id":"s1","x":52.00000000000001,"y":0,"vx":500,"vy":0,"t":50}],"mines":[]}",
  "{"t":100,"tick":2,"ackSeq":1,"you":{"id":"a","x":0,"y":0,"heading":0,"speed":0,"hp":250,"alive":true,"ammo":[{"n":0,"reloadMsLeft":4950},{"n":1,"reloadMsLeft":0},{"n":1,"reloadMsLeft":0},null,null,null,null,null,null],"sweep":0.15707963267949054,"cls":"torpedoBoat","gun":"deckGun","pts":0,"offer":[],"boostUntil":0,"repairHp":0,"cards":["heavyTorpedo"],"lvl":0,"xp":0.0016666666666666668},"contacts":[{"id":"b","x":120,"y":0,"heading":0,"speed":0,"cls":"torpedoBoat"}],"events":[{"k":"burst","id":"s1","x":120,"y":0},{"k":"hc","id":"a","x":120,"y":0}],"mines":[]}",
  "{"t":100,"tick":2,"ackSeq":0,"you":{"id":"b","x":120,"y":0,"heading":0,"speed":0,"hp":85,"alive":true,"ammo":[{"n":1,"reloadMsLeft":0},{"n":1,"reloadMsLeft":0},{"n":1,"reloadMsLeft":0},null,null,null,null,null,null],"sweep":0.15707963267949054,"cls":"torpedoBoat","gun":"deckGun","pts":0,"offer":[],"boostUntil":0,"repairHp":0,"cards":["heavyTorpedo"],"lvl":0,"xp":0.0016666666666666668},"contacts":[{"id":"a","x":0,"y":0,"heading":0,"speed":0,"cls":"torpedoBoat"}],"events":[{"k":"burst","id":"s1","x":120,"y":0},{"k":"dmg","id":"b","amount":15,"hp":85}],"mines":[]}",
  "{"t":50,"tick":1,"ackSeq":1,"you":{"id":"a","x":0,"y":0,"heading":0,"speed":0,"hp":350,"alive":true,"ammo":[{"n":1,"reloadMsLeft":0},{"n":1,"reloadMsLeft":0},{"n":1,"reloadMsLeft":0},{"n":0,"reloadMsLeft":20000},null,null,null,null,null],"sweep":0.07853981633974527,"cls":"battleship","gun":"deckGun","pts":0,"offer":[],"boostUntil":0,"repairHp":0,"cards":["broadside","starShells"],"lvl":0,"xp":0.0008333333333333334},"contacts":[],"events":[{"k":"spawn","id":"a","x":1977.1993619459026,"y":-1052.7500572883932},{"k":"mz","x":63.99999999999999,"y":0},{"k":"shell","id":"s1","x":63.99999999999999,"y":0,"vx":500,"vy":0,"t":50}],"mines":[]}",
  "{"t":700,"tick":14,"ackSeq":1,"you":{"id":"a","x":0,"y":0,"heading":0,"speed":0,"hp":350,"alive":true,"ammo":[{"n":1,"reloadMsLeft":0},{"n":1,"reloadMsLeft":0},{"n":1,"reloadMsLeft":0},{"n":0,"reloadMsLeft":19350},null,null,null,null,null],"sweep":1.0995574287564338,"cls":"battleship","gun":"deckGun","pts":0,"offer":[],"boostUntil":0,"repairHp":0,"cards":["broadside","starShells"],"lvl":0,"xp":0.011666666666666667},"contacts":[{"id":"h","x":410,"y":40,"heading":1.0999999999999996,"speed":0,"cls":"torpedoBoat"}],"events":[{"k":"burst","id":"s1","x":410,"y":0},{"k":"sp","id":"a","x":410,"y":0}],"mines":[],"litZones":[{"id":"z1","x":410,"y":0,"r":165,"until":10700,"by":"a"}]}",
  "{"t":700,"tick":14,"ackSeq":0,"you":{"id":"c","x":410,"y":-660,"heading":0,"speed":0,"hp":250,"alive":true,"ammo":[{"n":1,"reloadMsLeft":0},{"n":1,"reloadMsLeft":0},{"n":1,"reloadMsLeft":0},null,null,null,null,null,null],"sweep":1.0995574287564338,"cls":"torpedoBoat","gun":"deckGun","pts":0,"offer":[],"boostUntil":0,"repairHp":0,"cards":["heavyTorpedo"],"lvl":0,"xp":0.011666666666666667},"contacts":[],"events":[],"mines":[],"litZones":[{"id":"z1","x":410,"y":0,"r":165,"until":10700,"by":"a"}]}",
  "{"t":700,"tick":14,"ackSeq":0,"you":{"id":"d","x":-400,"y":0,"heading":0,"speed":0,"hp":250,"alive":true,"ammo":[{"n":1,"reloadMsLeft":0},{"n":1,"reloadMsLeft":0},{"n":1,"reloadMsLeft":0},null,null,null,null,null,null],"sweep":1.0995574287564338,"cls":"torpedoBoat","gun":"deckGun","pts":0,"offer":[],"boostUntil":0,"repairHp":0,"cards":["heavyTorpedo"],"lvl":0,"xp":0.011666666666666667},"contacts":[],"events":[],"mines":[]}",
  "{"t":10750,"tick":215,"ackSeq":1,"you":{"id":"a","x":0,"y":0,"heading":0,"speed":0,"hp":350,"alive":true,"ammo":[{"n":1,"reloadMsLeft":0},{"n":1,"reloadMsLeft":0},{"n":1,"reloadMsLeft":0},{"n":0,"reloadMsLeft":9300},null,null,null,null,null],"sweep":4.319689898686061,"cls":"battleship","gun":"deckGun","pts":0,"offer":[],"boostUntil":0,"repairHp":0,"cards":["broadside","starShells"],"lvl":0,"xp":0.17916666666666667},"contacts":[],"events":[],"mines":[]}",
  "{"t":50,"tick":1,"ackSeq":0,"you":{"id":"a","x":0,"y":0,"heading":0,"speed":0,"hp":250,"alive":true,"ammo":[{"n":1,"reloadMsLeft":0},{"n":1,"reloadMsLeft":0},{"n":1,"reloadMsLeft":0},null,null,null,null,null,null],"sweep":0.07853981633974527,"cls":"torpedoBoat","gun":"deckGun","pts":1,"offer":["captiveMines","starShells","speed","navalMines"],"boostUntil":0,"repairHp":0,"cards":["heavyTorpedo"],"lvl":1,"xp":0.0008333333333333334},"contacts":[{"id":"b","x":500,"y":0,"heading":0,"speed":0,"cls":"torpedoBoat"}],"events":[{"k":"spawn","id":"a","x":1791.1454346920777,"y":-1345.1386663767153},{"k":"boom","id":"ks","hit":"b","x":480,"y":0},{"k":"hc","id":"a","x":480,"y":0},{"k":"pt","id":"a"},{"k":"sunk","id":"b","by":"a","seen":true,"vcls":"torpedoBoat"}],"mines":[],"litZones":[{"id":"z1","x":500,"y":0,"r":165,"until":999999,"by":"a"}]}",
  "{"t":50,"tick":1,"ackSeq":1,"you":{"id":"a","x":0,"y":0,"heading":0,"speed":0,"hp":300,"alive":true,"ammo":[{"n":1,"reloadMsLeft":0},{"n":1,"reloadMsLeft":0},{"n":1,"reloadMsLeft":15000},null,null,null,null,null,null],"sweep":0.07853981633974527,"cls":"mineLayer","gun":"deckGun","pts":0,"offer":[],"boostUntil":0,"repairHp":0,"cards":["navalMines"],"lvl":0,"xp":0.0008333333333333334},"contacts":[{"id":"b","x":-76,"y":10,"heading":0,"speed":0,"cls":"torpedoBoat"},{"id":"c","x":-76,"y":-40,"heading":0,"speed":0,"cls":"torpedoBoat"}],"events":[{"k":"spawn","id":"a","x":212.76178215833193,"y":-2229.8727371876653}],"mines":[{"id":"m1","x":-76,"y":-9.307315673519884e-15,"own":true,"by":"a","c":"naval"}]}",
  "{"t":3050,"tick":61,"ackSeq":1,"you":{"id":"a","x":0,"y":0,"heading":0,"speed":0,"hp":300,"alive":true,"ammo":[{"n":1,"reloadMsLeft":0},{"n":1,"reloadMsLeft":0},{"n":1,"reloadMsLeft":12000},null,null,null,null,null,null],"sweep":4.790928796724462,"cls":"mineLayer","gun":"deckGun","pts":0,"offer":[],"boostUntil":0,"repairHp":0,"cards":["navalMines"],"lvl":0,"xp":0.050833333333333335},"contacts":[{"id":"b","x":-76,"y":10,"heading":0,"speed":0,"cls":"torpedoBoat"},{"id":"c","x":-76,"y":-40,"heading":0,"speed":0,"cls":"torpedoBoat"}],"events":[{"k":"boom","id":"m1","hit":"b","x":-76,"y":-9.307315673519884e-15},{"k":"hc","id":"a","x":-76,"y":-9.307315673519884e-15}],"mines":[]}",
  "{"t":3050,"tick":61,"ackSeq":0,"you":{"id":"b","x":-76,"y":10,"heading":0,"speed":0,"hp":195,"alive":true,"ammo":[{"n":1,"reloadMsLeft":0},{"n":1,"reloadMsLeft":0},{"n":1,"reloadMsLeft":0},null,null,null,null,null,null],"sweep":4.790928796724462,"cls":"torpedoBoat","gun":"deckGun","pts":0,"offer":[],"boostUntil":0,"repairHp":0,"cards":["heavyTorpedo"],"lvl":0,"xp":0.050833333333333335},"contacts":[{"id":"a","x":0,"y":0,"heading":0,"speed":0,"cls":"mineLayer"},{"id":"c","x":-76,"y":-40,"heading":0,"speed":0,"cls":"torpedoBoat"}],"events":[{"k":"boom","id":"m1","hit":"b","x":-76,"y":-9.307315673519884e-15},{"k":"dmg","id":"b","amount":55,"hp":195}],"mines":[]}",
  "{"t":50,"tick":1,"ackSeq":1,"you":{"id":"a","x":0,"y":0,"heading":0,"speed":0,"hp":300,"alive":true,"ammo":[{"n":0,"reloadMsLeft":5000},{"n":1,"reloadMsLeft":0},{"n":2,"reloadMsLeft":0},null,null,null,null,null,null],"sweep":0.07853981633974527,"cls":"mineLayer","gun":"deckGun","pts":0,"offer":[],"boostUntil":0,"repairHp":0,"cards":["navalMines"],"lvl":0,"xp":0.0008333333333333334},"contacts":[],"events":[{"k":"spawn","id":"a","x":-2162.1967647767756,"y":585.2393957935893},{"k":"mz","x":46,"y":0},{"k":"shell","id":"s1","x":46,"y":0,"vx":500,"vy":0,"t":50}],"mines":[{"id":"om","x":300,"y":0,"own":true,"by":"a","c":"naval"}]}",
  "{"t":100,"tick":2,"ackSeq":1,"you":{"id":"a","x":0,"y":0,"heading":0,"speed":0,"hp":300,"alive":true,"ammo":[{"n":0,"reloadMsLeft":4950},{"n":1,"reloadMsLeft":0},{"n":2,"reloadMsLeft":0},null,null,null,null,null,null],"sweep":0.15707963267949054,"cls":"mineLayer","gun":"deckGun","pts":0,"offer":[],"boostUntil":0,"repairHp":0,"cards":["navalMines"],"lvl":0,"xp":0.0016666666666666668},"contacts":[],"events":[],"mines":[{"id":"om","x":300,"y":0,"own":true,"by":"a","c":"naval"}]}",
  "{"t":150,"tick":3,"ackSeq":1,"you":{"id":"a","x":0,"y":0,"heading":0,"speed":0,"hp":300,"alive":true,"ammo":[{"n":0,"reloadMsLeft":4900},{"n":1,"reloadMsLeft":0},{"n":2,"reloadMsLeft":0},null,null,null,null,null,null],"sweep":0.23561944901923582,"cls":"mineLayer","gun":"deckGun","pts":0,"offer":[],"boostUntil":0,"repairHp":0,"cards":["navalMines"],"lvl":0,"xp":0.0025},"contacts":[],"events":[],"mines":[{"id":"om","x":300,"y":0,"own":true,"by":"a","c":"naval"}]}",
  "{"t":200,"tick":4,"ackSeq":1,"you":{"id":"a","x":0,"y":0,"heading":0,"speed":0,"hp":300,"alive":true,"ammo":[{"n":0,"reloadMsLeft":4850},{"n":1,"reloadMsLeft":0},{"n":2,"reloadMsLeft":0},null,null,null,null,null,null],"sweep":0.3141592653589811,"cls":"mineLayer","gun":"deckGun","pts":0,"offer":[],"boostUntil":0,"repairHp":0,"cards":["navalMines"],"lvl":0,"xp":0.0033333333333333335},"contacts":[],"events":[],"mines":[{"id":"om","x":300,"y":0,"own":true,"by":"a","c":"naval"}]}",
  "{"t":250,"tick":5,"ackSeq":1,"you":{"id":"a","x":0,"y":0,"heading":0,"speed":0,"hp":300,"alive":true,"ammo":[{"n":0,"reloadMsLeft":4800},{"n":1,"reloadMsLeft":0},{"n":2,"reloadMsLeft":0},null,null,null,null,null,null],"sweep":0.39269908169872636,"cls":"mineLayer","gun":"deckGun","pts":0,"offer":[],"boostUntil":0,"repairHp":0,"cards":["navalMines"],"lvl":0,"xp":0.004166666666666667},"contacts":[],"events":[],"mines":[{"id":"om","x":300,"y":0,"own":true,"by":"a","c":"naval"}]}",
  "{"t":300,"tick":6,"ackSeq":1,"you":{"id":"a","x":0,"y":0,"heading":0,"speed":0,"hp":300,"alive":true,"ammo":[{"n":0,"reloadMsLeft":4750},{"n":1,"reloadMsLeft":0},{"n":2,"reloadMsLeft":0},null,null,null,null,null,null],"sweep":0.47123889803847163,"cls":"mineLayer","gun":"deckGun","pts":0,"offer":[],"boostUntil":0,"repairHp":0,"cards":["navalMines"],"lvl":0,"xp":0.005},"contacts":[],"events":[],"mines":[{"id":"om","x":300,"y":0,"own":true,"by":"a","c":"naval"}]}",
  "{"t":350,"tick":7,"ackSeq":1,"you":{"id":"a","x":0,"y":0,"heading":0,"speed":0,"hp":300,"alive":true,"ammo":[{"n":0,"reloadMsLeft":4700},{"n":1,"reloadMsLeft":0},{"n":2,"reloadMsLeft":0},null,null,null,null,null,null],"sweep":0.5497787143782169,"cls":"mineLayer","gun":"deckGun","pts":0,"offer":[],"boostUntil":0,"repairHp":0,"cards":["navalMines"],"lvl":0,"xp":0.005833333333333334},"contacts":[],"events":[],"mines":[{"id":"om","x":300,"y":0,"own":true,"by":"a","c":"naval"}]}",
  "{"t":400,"tick":8,"ackSeq":1,"you":{"id":"a","x":0,"y":0,"heading":0,"speed":0,"hp":300,"alive":true,"ammo":[{"n":0,"reloadMsLeft":4650},{"n":1,"reloadMsLeft":0},{"n":2,"reloadMsLeft":0},null,null,null,null,null,null],"sweep":0.6283185307179622,"cls":"mineLayer","gun":"deckGun","pts":0,"offer":[],"boostUntil":0,"repairHp":0,"cards":["navalMines"],"lvl":0,"xp":0.006666666666666667},"contacts":[],"events":[],"mines":[{"id":"om","x":300,"y":0,"own":true,"by":"a","c":"naval"}]}",
  "{"t":450,"tick":9,"ackSeq":1,"you":{"id":"a","x":0,"y":0,"heading":0,"speed":0,"hp":300,"alive":true,"ammo":[{"n":0,"reloadMsLeft":4600},{"n":1,"reloadMsLeft":0},{"n":2,"reloadMsLeft":0},null,null,null,null,null,null],"sweep":0.7068583470577074,"cls":"mineLayer","gun":"deckGun","pts":0,"offer":[],"boostUntil":0,"repairHp":0,"cards":["navalMines"],"lvl":0,"xp":0.0075},"contacts":[],"events":[],"mines":[{"id":"om","x":300,"y":0,"own":true,"by":"a","c":"naval"}]}",
  "{"t":500,"tick":10,"ackSeq":1,"you":{"id":"a","x":0,"y":0,"heading":0,"speed":0,"hp":300,"alive":true,"ammo":[{"n":0,"reloadMsLeft":4550},{"n":1,"reloadMsLeft":0},{"n":2,"reloadMsLeft":0},null,null,null,null,null,null],"sweep":0.7853981633974527,"cls":"mineLayer","gun":"deckGun","pts":0,"offer":[],"boostUntil":0,"repairHp":0,"cards":["navalMines"],"lvl":0,"xp":0.008333333333333333},"contacts":[],"events":[],"mines":[{"id":"om","x":300,"y":0,"own":true,"by":"a","c":"naval"}]}",
  "{"t":550,"tick":11,"ackSeq":1,"you":{"id":"a","x":0,"y":0,"heading":0,"speed":0,"hp":300,"alive":true,"ammo":[{"n":0,"reloadMsLeft":4500},{"n":1,"reloadMsLeft":0},{"n":2,"reloadMsLeft":0},null,null,null,null,null,null],"sweep":0.863937979737198,"cls":"mineLayer","gun":"deckGun","pts":0,"offer":[],"boostUntil":0,"repairHp":0,"cards":["navalMines"],"lvl":0,"xp":0.009166666666666667},"contacts":[],"events":[],"mines":[{"id":"om","x":300,"y":0,"own":true,"by":"a","c":"naval"}]}",
  "{"t":600,"tick":12,"ackSeq":1,"you":{"id":"a","x":0,"y":0,"heading":0,"speed":0,"hp":300,"alive":true,"ammo":[{"n":0,"reloadMsLeft":4450},{"n":1,"reloadMsLeft":0},{"n":2,"reloadMsLeft":0},null,null,null,null,null,null],"sweep":0.9424777960769433,"cls":"mineLayer","gun":"deckGun","pts":0,"offer":[],"boostUntil":0,"repairHp":0,"cards":["navalMines"],"lvl":0,"xp":0.01},"contacts":[],"events":[{"k":"burst","id":"s1","x":300,"y":0},{"k":"sp","id":"a","x":300,"y":0},{"k":"boom","id":"om","x":300,"y":0}],"mines":[]}",
  "{"t":50,"tick":1,"ackSeq":1,"you":{"id":"a","x":0,"y":0,"heading":0,"speed":0,"hp":250,"alive":true,"ammo":[{"n":1,"reloadMsLeft":0},{"n":1,"reloadMsLeft":0},{"n":1,"reloadMsLeft":0},null,null,null,null,null,null],"sweep":0.07853981633974527,"cls":"torpedoBoat","gun":"deckGun","pts":0,"offer":[],"boostUntil":0,"repairHp":0,"cards":["heavyTorpedo"],"lvl":0,"xp":0.0008333333333333334},"contacts":[{"id":"b","x":120,"y":0,"heading":0,"speed":0,"cls":"torpedoBoat"}],"events":[{"k":"spawn","id":"a","x":2225.967456044445,"y":-250.33754139365936}],"mines":[],"denied":[{"slot":2,"reason":"out-of-arc","seq":1}]}",
  "{"t":50,"tick":1,"ackSeq":1,"you":{"id":"m","x":400,"y":0,"heading":0,"speed":0,"hp":300,"alive":true,"ammo":[{"n":1,"reloadMsLeft":0},{"n":1,"reloadMsLeft":0},{"n":2,"reloadMsLeft":0},null,null,null,null,null,null],"sweep":0.07853981633974527,"cls":"mineLayer","gun":"deckGun","pts":0,"offer":[],"boostUntil":0,"repairHp":0,"cards":["navalMines"],"lvl":0,"xp":0.0008333333333333334},"contacts":[],"events":[{"k":"spawn","id":"m","x":-1653.700785939174,"y":1510.9181680634326}],"mines":[],"denied":[{"slot":2,"reason":"blocked","seq":1}]}",
  "{"t":50,"tick":1,"ackSeq":0,"you":{"id":"b","x":120,"y":0,"heading":0,"speed":0,"hp":250,"alive":true,"ammo":[{"n":1,"reloadMsLeft":0},{"n":1,"reloadMsLeft":0},{"n":1,"reloadMsLeft":0},null,null,null,null,null,null],"sweep":0.07853981633974527,"cls":"torpedoBoat","gun":"deckGun","pts":0,"offer":[],"boostUntil":0,"repairHp":0,"cards":["heavyTorpedo"],"lvl":0,"xp":0.0008333333333333334},"contacts":[{"id":"a","x":0,"y":0,"heading":0,"speed":0,"cls":"torpedoBoat"}],"events":[{"k":"spawn","id":"b","x":-1653.700785939174,"y":1510.9181680634326}],"mines":[]}",
  "{"t":100,"tick":2,"ackSeq":2,"you":{"id":"a","x":0,"y":0,"heading":0,"speed":0,"hp":250,"alive":true,"ammo":[{"n":0,"reloadMsLeft":5000},{"n":0,"reloadMsLeft":25000},{"n":1,"reloadMsLeft":0},null,null,null,null,null,null],"sweep":0.15707963267949054,"cls":"torpedoBoat","gun":"deckGun","pts":0,"offer":[],"boostUntil":10100,"repairHp":0,"cards":["heavyTorpedo"],"lvl":0,"xp":0.0016666666666666668},"contacts":[{"id":"b","x":120,"y":0,"heading":0,"speed":0,"cls":"torpedoBoat"}],"events":[{"k":"mz","x":52.00000000000001,"y":0},{"k":"shell","id":"s1","x":52.00000000000001,"y":0,"vx":500,"vy":0,"t":100}],"mines":[]}",
  "{"t":150,"tick":3,"ackSeq":3,"you":{"id":"a","x":0,"y":0,"heading":0,"speed":0,"hp":250,"alive":true,"ammo":[{"n":0,"reloadMsLeft":4950},{"n":0,"reloadMsLeft":24950},{"n":1,"reloadMsLeft":0},null,null,null,null,null,null],"sweep":0.23561944901923582,"cls":"torpedoBoat","gun":"deckGun","pts":0,"offer":[],"boostUntil":10100,"repairHp":0,"cards":["heavyTorpedo"],"lvl":0,"xp":0.0025},"contacts":[{"id":"b","x":120,"y":0,"heading":0,"speed":0,"cls":"torpedoBoat"}],"events":[{"k":"burst","id":"s1","x":100,"y":0},{"k":"hc","id":"a","x":100,"y":0}],"mines":[],"denied":[{"slot":0,"reason":"cooling","seq":3},{"slot":1,"reason":"no-ammo","seq":2}]}",
  "{"t":50,"tick":1,"ackSeq":0,"you":{"id":"c","x":250,"y":-60,"heading":0,"speed":0,"hp":250,"alive":true,"ammo":[{"n":1,"reloadMsLeft":0},{"n":1,"reloadMsLeft":0},{"n":1,"reloadMsLeft":0},null,null,null,null,null,null],"sweep":3.220232469929538,"cls":"torpedoBoat","gun":"deckGun","pts":0,"offer":[],"boostUntil":0,"repairHp":0,"cards":["heavyTorpedo"],"lvl":0,"xp":0.0008333333333333334},"contacts":[{"id":"a","x":0,"y":0,"heading":0,"speed":0,"cls":"torpedoBoat"},{"id":"b","x":200,"y":60,"heading":0,"speed":0,"cls":"torpedoBoat"}],"events":[{"k":"spawn","id":"c","x":-2124.4432902363187,"y":710.1694914384054},{"k":"torp","id":"s1","x":58,"y":0,"vx":67.5,"vy":0,"t":50}],"mines":[]}",
  "{"t":100,"tick":2,"ackSeq":0,"you":{"id":"c","x":250,"y":-60,"heading":0,"speed":0,"hp":250,"alive":true,"ammo":[{"n":1,"reloadMsLeft":0},{"n":1,"reloadMsLeft":0},{"n":1,"reloadMsLeft":0},null,null,null,null,null,null],"sweep":3.2987722862692834,"cls":"torpedoBoat","gun":"deckGun","pts":0,"offer":[],"boostUntil":0,"repairHp":0,"cards":["heavyTorpedo"],"lvl":0,"xp":0.0016666666666666668},"contacts":[{"id":"a","x":0,"y":0,"heading":0,"speed":0,"cls":"torpedoBoat"},{"id":"b","x":200,"y":60,"heading":0,"speed":0,"cls":"torpedoBoat"}],"events":[],"mines":[]}",
  "{"t":150,"tick":3,"ackSeq":0,"you":{"id":"c","x":250,"y":-60,"heading":0,"speed":0,"hp":250,"alive":true,"ammo":[{"n":1,"reloadMsLeft":0},{"n":1,"reloadMsLeft":0},{"n":1,"reloadMsLeft":0},null,null,null,null,null,null],"sweep":3.3773121026090287,"cls":"torpedoBoat","gun":"deckGun","pts":0,"offer":[],"boostUntil":0,"repairHp":0,"cards":["heavyTorpedo"],"lvl":0,"xp":0.0025},"contacts":[{"id":"a","x":0,"y":0,"heading":0,"speed":0,"cls":"torpedoBoat"},{"id":"b","x":200,"y":60,"heading":0,"speed":0,"cls":"torpedoBoat"}],"events":[],"mines":[]}",
  "{"t":200,"tick":4,"ackSeq":0,"you":{"id":"c","x":250,"y":-60,"heading":0,"speed":0,"hp":250,"alive":true,"ammo":[{"n":1,"reloadMsLeft":0},{"n":1,"reloadMsLeft":0},{"n":1,"reloadMsLeft":0},null,null,null,null,null,null],"sweep":3.455851918948774,"cls":"torpedoBoat","gun":"deckGun","pts":0,"offer":[],"boostUntil":0,"repairHp":0,"cards":["heavyTorpedo"],"lvl":0,"xp":0.0033333333333333335},"contacts":[{"id":"a","x":0,"y":0,"heading":0,"speed":0,"cls":"torpedoBoat"},{"id":"b","x":200,"y":60,"heading":0,"speed":0,"cls":"torpedoBoat"}],"events":[],"mines":[]}",
  "{"t":250,"tick":5,"ackSeq":0,"you":{"id":"c","x":250,"y":-60,"heading":0,"speed":0,"hp":250,"alive":true,"ammo":[{"n":1,"reloadMsLeft":0},{"n":1,"reloadMsLeft":0},{"n":1,"reloadMsLeft":0},null,null,null,null,null,null],"sweep":3.5343917352885192,"cls":"torpedoBoat","gun":"deckGun","pts":0,"offer":[],"boostUntil":0,"repairHp":0,"cards":["heavyTorpedo"],"lvl":0,"xp":0.004166666666666667},"contacts":[{"id":"a","x":0,"y":0,"heading":0,"speed":0,"cls":"torpedoBoat"},{"id":"b","x":200,"y":60,"heading":0,"speed":0,"cls":"torpedoBoat"}],"events":[],"mines":[]}",
  "{"t":300,"tick":6,"ackSeq":0,"you":{"id":"c","x":250,"y":-60,"heading":0,"speed":0,"hp":250,"alive":true,"ammo":[{"n":1,"reloadMsLeft":0},{"n":1,"reloadMsLeft":0},{"n":1,"reloadMsLeft":0},null,null,null,null,null,null],"sweep":3.6129315516282645,"cls":"torpedoBoat","gun":"deckGun","pts":0,"offer":[],"boostUntil":0,"repairHp":0,"cards":["heavyTorpedo"],"lvl":0,"xp":0.005},"contacts":[{"id":"a","x":0,"y":0,"heading":0,"speed":0,"cls":"torpedoBoat"},{"id":"b","x":200,"y":60,"heading":0,"speed":0,"cls":"torpedoBoat"}],"events":[],"mines":[]}",
  "{"t":350,"tick":7,"ackSeq":0,"you":{"id":"c","x":250,"y":-60,"heading":0,"speed":0,"hp":250,"alive":true,"ammo":[{"n":1,"reloadMsLeft":0},{"n":1,"reloadMsLeft":0},{"n":1,"reloadMsLeft":0},null,null,null,null,null,null],"sweep":3.69147136796801,"cls":"torpedoBoat","gun":"deckGun","pts":0,"offer":[],"boostUntil":0,"repairHp":0,"cards":["heavyTorpedo"],"lvl":0,"xp":0.005833333333333334},"contacts":[{"id":"a","x":0,"y":0,"heading":0,"speed":0,"cls":"torpedoBoat"},{"id":"b","x":200,"y":60,"heading":0,"speed":0,"cls":"torpedoBoat"}],"events":[],"mines":[]}",
  "{"t":400,"tick":8,"ackSeq":0,"you":{"id":"c","x":250,"y":-60,"heading":0,"speed":0,"hp":250,"alive":true,"ammo":[{"n":1,"reloadMsLeft":0},{"n":1,"reloadMsLeft":0},{"n":1,"reloadMsLeft":0},null,null,null,null,null,null],"sweep":3.770011184307755,"cls":"torpedoBoat","gun":"deckGun","pts":0,"offer":[],"boostUntil":0,"repairHp":0,"cards":["heavyTorpedo"],"lvl":0,"xp":0.006666666666666667},"contacts":[{"id":"a","x":0,"y":0,"heading":0,"speed":0,"cls":"torpedoBoat"},{"id":"b","x":200,"y":60,"heading":0,"speed":0,"cls":"torpedoBoat"}],"events":[],"mines":[]}",
  "{"t":450,"tick":9,"ackSeq":0,"you":{"id":"c","x":250,"y":-60,"heading":0,"speed":0,"hp":250,"alive":true,"ammo":[{"n":1,"reloadMsLeft":0},{"n":1,"reloadMsLeft":0},{"n":1,"reloadMsLeft":0},null,null,null,null,null,null],"sweep":3.8485510006475003,"cls":"torpedoBoat","gun":"deckGun","pts":0,"offer":[],"boostUntil":0,"repairHp":0,"cards":["heavyTorpedo"],"lvl":0,"xp":0.0075},"contacts":[{"id":"a","x":0,"y":0,"heading":0,"speed":0,"cls":"torpedoBoat"},{"id":"b","x":200,"y":60,"heading":0,"speed":0,"cls":"torpedoBoat"}],"events":[],"mines":[]}",
  "{"t":500,"tick":10,"ackSeq":0,"you":{"id":"c","x":250,"y":-60,"heading":0,"speed":0,"hp":250,"alive":true,"ammo":[{"n":1,"reloadMsLeft":0},{"n":1,"reloadMsLeft":0},{"n":1,"reloadMsLeft":0},null,null,null,null,null,null],"sweep":3.9270908169872456,"cls":"torpedoBoat","gun":"deckGun","pts":0,"offer":[],"boostUntil":0,"repairHp":0,"cards":["heavyTorpedo"],"lvl":0,"xp":0.008333333333333333},"contacts":[{"id":"a","x":0,"y":0,"heading":0,"speed":0,"cls":"torpedoBoat"},{"id":"b","x":200,"y":60,"heading":0,"speed":0,"cls":"torpedoBoat"}],"events":[],"mines":[]}",
  "{"t":550,"tick":11,"ackSeq":0,"you":{"id":"c","x":250,"y":-60,"heading":0,"speed":0,"hp":250,"alive":true,"ammo":[{"n":1,"reloadMsLeft":0},{"n":1,"reloadMsLeft":0},{"n":1,"reloadMsLeft":0},null,null,null,null,null,null],"sweep":4.005630633326991,"cls":"torpedoBoat","gun":"deckGun","pts":0,"offer":[],"boostUntil":0,"repairHp":0,"cards":["heavyTorpedo"],"lvl":0,"xp":0.009166666666666667},"contacts":[{"id":"a","x":0,"y":0,"heading":0,"speed":0,"cls":"torpedoBoat"},{"id":"b","x":200,"y":60,"heading":0,"speed":0,"cls":"torpedoBoat"}],"events":[],"mines":[]}",
  "{"t":600,"tick":12,"ackSeq":0,"you":{"id":"c","x":250,"y":-60,"heading":0,"speed":0,"hp":250,"alive":true,"ammo":[{"n":1,"reloadMsLeft":0},{"n":1,"reloadMsLeft":0},{"n":1,"reloadMsLeft":0},null,null,null,null,null,null],"sweep":4.084170449666736,"cls":"torpedoBoat","gun":"deckGun","pts":0,"offer":[],"boostUntil":0,"repairHp":0,"cards":["heavyTorpedo"],"lvl":0,"xp":0.01},"contacts":[{"id":"a","x":0,"y":0,"heading":0,"speed":0,"cls":"torpedoBoat"},{"id":"b","x":200,"y":60,"heading":0,"speed":0,"cls":"torpedoBoat"}],"events":[],"mines":[]}",
  "{"t":650,"tick":13,"ackSeq":0,"you":{"id":"c","x":250,"y":-60,"heading":0,"speed":0,"hp":250,"alive":true,"ammo":[{"n":1,"reloadMsLeft":0},{"n":1,"reloadMsLeft":0},{"n":1,"reloadMsLeft":0},null,null,null,null,null,null],"sweep":4.162710266006481,"cls":"torpedoBoat","gun":"deckGun","pts":0,"offer":[],"boostUntil":0,"repairHp":0,"cards":["heavyTorpedo"],"lvl":0,"xp":0.010833333333333334},"contacts":[{"id":"a","x":0,"y":0,"heading":0,"speed":0,"cls":"torpedoBoat"},{"id":"b","x":200,"y":60,"heading":0,"speed":0,"cls":"torpedoBoat"}],"events":[],"mines":[]}",
  "{"t":700,"tick":14,"ackSeq":0,"you":{"id":"c","x":250,"y":-60,"heading":0,"speed":0,"hp":250,"alive":true,"ammo":[{"n":1,"reloadMsLeft":0},{"n":1,"reloadMsLeft":0},{"n":1,"reloadMsLeft":0},null,null,null,null,null,null],"sweep":4.241250082346227,"cls":"torpedoBoat","gun":"deckGun","pts":0,"offer":[],"boostUntil":0,"repairHp":0,"cards":["heavyTorpedo"],"lvl":0,"xp":0.011666666666666667},"contacts":[{"id":"a","x":0,"y":0,"heading":0,"speed":0,"cls":"torpedoBoat"},{"id":"b","x":200,"y":60,"heading":0,"speed":0,"cls":"torpedoBoat"}],"events":[],"mines":[]}",
  "{"t":750,"tick":15,"ackSeq":0,"you":{"id":"c","x":250,"y":-60,"heading":0,"speed":0,"hp":250,"alive":true,"ammo":[{"n":1,"reloadMsLeft":0},{"n":1,"reloadMsLeft":0},{"n":1,"reloadMsLeft":0},null,null,null,null,null,null],"sweep":4.319789898685972,"cls":"torpedoBoat","gun":"deckGun","pts":0,"offer":[],"boostUntil":0,"repairHp":0,"cards":["heavyTorpedo"],"lvl":0,"xp":0.0125},"contacts":[{"id":"a","x":0,"y":0,"heading":0,"speed":0,"cls":"torpedoBoat"},{"id":"b","x":200,"y":60,"heading":0,"speed":0,"cls":"torpedoBoat"}],"events":[],"mines":[]}",
  "{"t":800,"tick":16,"ackSeq":0,"you":{"id":"c","x":250,"y":-60,"heading":0,"speed":0,"hp":250,"alive":true,"ammo":[{"n":1,"reloadMsLeft":0},{"n":1,"reloadMsLeft":0},{"n":1,"reloadMsLeft":0},null,null,null,null,null,null],"sweep":4.398329715025717,"cls":"torpedoBoat","gun":"deckGun","pts":0,"offer":[],"boostUntil":0,"repairHp":0,"cards":["heavyTorpedo"],"lvl":0,"xp":0.013333333333333334},"contacts":[{"id":"a","x":0,"y":0,"heading":0,"speed":0,"cls":"torpedoBoat"},{"id":"b","x":200,"y":60,"heading":0,"speed":0,"cls":"torpedoBoat"}],"events":[],"mines":[]}",
  "{"t":850,"tick":17,"ackSeq":0,"you":{"id":"c","x":250,"y":-60,"heading":0,"speed":0,"hp":250,"alive":true,"ammo":[{"n":1,"reloadMsLeft":0},{"n":1,"reloadMsLeft":0},{"n":1,"reloadMsLeft":0},null,null,null,null,null,null],"sweep":4.4768695313654625,"cls":"torpedoBoat","gun":"deckGun","pts":0,"offer":[],"boostUntil":0,"repairHp":0,"cards":["heavyTorpedo"],"lvl":0,"xp":0.014166666666666666},"contacts":[{"id":"a","x":0,"y":0,"heading":0,"speed":0,"cls":"torpedoBoat"},{"id":"b","x":200,"y":60,"heading":0,"speed":0,"cls":"torpedoBoat"}],"events":[],"mines":[]}",
  "{"t":900,"tick":18,"ackSeq":0,"you":{"id":"c","x":250,"y":-60,"heading":0,"speed":0,"hp":250,"alive":true,"ammo":[{"n":1,"reloadMsLeft":0},{"n":1,"reloadMsLeft":0},{"n":1,"reloadMsLeft":0},null,null,null,null,null,null],"sweep":4.555409347705208,"cls":"torpedoBoat","gun":"deckGun","pts":0,"offer":[],"boostUntil":0,"repairHp":0,"cards":["heavyTorpedo"],"lvl":0,"xp":0.015},"contacts":[{"id":"a","x":0,"y":0,"heading":0,"speed":0,"cls":"torpedoBoat"},{"id":"b","x":200,"y":60,"heading":0,"speed":0,"cls":"torpedoBoat"}],"events":[],"mines":[]}",
  "{"t":950,"tick":19,"ackSeq":0,"you":{"id":"c","x":250,"y":-60,"heading":0,"speed":0,"hp":250,"alive":true,"ammo":[{"n":1,"reloadMsLeft":0},{"n":1,"reloadMsLeft":0},{"n":1,"reloadMsLeft":0},null,null,null,null,null,null],"sweep":4.633949164044953,"cls":"torpedoBoat","gun":"deckGun","pts":0,"offer":[],"boostUntil":0,"repairHp":0,"cards":["heavyTorpedo"],"lvl":0,"xp":0.015833333333333335},"contacts":[{"id":"a","x":0,"y":0,"heading":0,"speed":0,"cls":"torpedoBoat"},{"id":"b","x":200,"y":60,"heading":0,"speed":0,"cls":"torpedoBoat"}],"events":[],"mines":[]}",
  "{"t":1000,"tick":20,"ackSeq":0,"you":{"id":"c","x":250,"y":-60,"heading":0,"speed":0,"hp":250,"alive":true,"ammo":[{"n":1,"reloadMsLeft":0},{"n":1,"reloadMsLeft":0},{"n":1,"reloadMsLeft":0},null,null,null,null,null,null],"sweep":4.712488980384698,"cls":"torpedoBoat","gun":"deckGun","pts":0,"offer":[],"boostUntil":0,"repairHp":0,"cards":["heavyTorpedo"],"lvl":0,"xp":0.016666666666666666},"contacts":[{"id":"a","x":0,"y":0,"heading":0,"speed":0,"cls":"torpedoBoat"},{"id":"b","x":200,"y":60,"heading":0,"speed":0,"cls":"torpedoBoat"}],"events":[],"mines":[]}",
  "{"t":1050,"tick":21,"ackSeq":0,"you":{"id":"c","x":250,"y":-60,"heading":0,"speed":0,"hp":250,"alive":true,"ammo":[{"n":1,"reloadMsLeft":0},{"n":1,"reloadMsLeft":0},{"n":1,"reloadMsLeft":0},null,null,null,null,null,null],"sweep":4.791028796724444,"cls":"torpedoBoat","gun":"deckGun","pts":0,"offer":[],"boostUntil":0,"repairHp":0,"cards":["heavyTorpedo"],"lvl":0,"xp":0.0175},"contacts":[{"id":"a","x":0,"y":0,"heading":0,"speed":0,"cls":"torpedoBoat"},{"id":"b","x":200,"y":60,"heading":0,"speed":0,"cls":"torpedoBoat"}],"events":[],"mines":[]}",
  "{"t":1100,"tick":22,"ackSeq":0,"you":{"id":"c","x":250,"y":-60,"heading":0,"speed":0,"hp":250,"alive":true,"ammo":[{"n":1,"reloadMsLeft":0},{"n":1,"reloadMsLeft":0},{"n":1,"reloadMsLeft":0},null,null,null,null,null,null],"sweep":4.869568613064189,"cls":"torpedoBoat","gun":"deckGun","pts":0,"offer":[],"boostUntil":0,"repairHp":0,"cards":["heavyTorpedo"],"lvl":0,"xp":0.018333333333333333},"contacts":[{"id":"a","x":0,"y":0,"heading":0,"speed":0,"cls":"torpedoBoat"},{"id":"b","x":200,"y":60,"heading":0,"speed":0,"cls":"torpedoBoat"}],"events":[],"mines":[]}",
  "{"t":1150,"tick":23,"ackSeq":0,"you":{"id":"c","x":250,"y":-60,"heading":0,"speed":0,"hp":250,"alive":true,"ammo":[{"n":1,"reloadMsLeft":0},{"n":1,"reloadMsLeft":0},{"n":1,"reloadMsLeft":0},null,null,null,null,null,null],"sweep":4.948108429403934,"cls":"torpedoBoat","gun":"deckGun","pts":0,"offer":[],"boostUntil":0,"repairHp":0,"cards":["heavyTorpedo"],"lvl":0,"xp":0.019166666666666665},"contacts":[{"id":"a","x":0,"y":0,"heading":0,"speed":0,"cls":"torpedoBoat"},{"id":"b","x":200,"y":60,"heading":0,"speed":0,"cls":"torpedoBoat"}],"events":[],"mines":[]}",
  "{"t":1200,"tick":24,"ackSeq":0,"you":{"id":"c","x":250,"y":-60,"heading":0,"speed":0,"hp":250,"alive":true,"ammo":[{"n":1,"reloadMsLeft":0},{"n":1,"reloadMsLeft":0},{"n":1,"reloadMsLeft":0},null,null,null,null,null,null],"sweep":5.026648245743679,"cls":"torpedoBoat","gun":"deckGun","pts":0,"offer":[],"boostUntil":0,"repairHp":0,"cards":["heavyTorpedo"],"lvl":0,"xp":0.02},"contacts":[{"id":"a","x":0,"y":0,"heading":0,"speed":0,"cls":"torpedoBoat"},{"id":"b","x":200,"y":60,"heading":0,"speed":0,"cls":"torpedoBoat"}],"events":[{"k":"torpU","id":"s1","x":135.55812065504287,"y":2.213330109608269,"vx":67.24176638401762,"vy":5.89871626349314,"t":1200}],"mines":[]}",
  "{"t":1250,"tick":25,"ackSeq":0,"you":{"id":"c","x":250,"y":-60,"heading":0,"speed":0,"hp":250,"alive":true,"ammo":[{"n":1,"reloadMsLeft":0},{"n":1,"reloadMsLeft":0},{"n":1,"reloadMsLeft":0},null,null,null,null,null,null],"sweep":5.105188062083425,"cls":"torpedoBoat","gun":"deckGun","pts":0,"offer":[],"boostUntil":0,"repairHp":0,"cards":["heavyTorpedo"],"lvl":0,"xp":0.020833333333333332},"contacts":[{"id":"a","x":0,"y":0,"heading":0,"speed":0,"cls":"torpedoBoat"},{"id":"b","x":200,"y":60,"heading":0,"speed":0,"cls":"torpedoBoat"}],"events":[],"mines":[]}",
  "{"t":1300,"tick":26,"ackSeq":0,"you":{"id":"c","x":250,"y":-60,"heading":0,"speed":0,"hp":250,"alive":true,"ammo":[{"n":1,"reloadMsLeft":0},{"n":1,"reloadMsLeft":0},{"n":1,"reloadMsLeft":0},null,null,null,null,null,null],"sweep":5.18372787842317,"cls":"torpedoBoat","gun":"deckGun","pts":0,"offer":[],"boostUntil":0,"repairHp":0,"cards":["heavyTorpedo"],"lvl":0,"xp":0.021666666666666667},"contacts":[{"id":"a","x":0,"y":0,"heading":0,"speed":0,"cls":"torpedoBoat"},{"id":"b","x":200,"y":60,"heading":0,"speed":0,"cls":"torpedoBoat"}],"events":[],"mines":[]}",
  "{"t":1350,"tick":27,"ackSeq":0,"you":{"id":"c","x":250,"y":-60,"heading":0,"speed":0,"hp":250,"alive":true,"ammo":[{"n":1,"reloadMsLeft":0},{"n":1,"reloadMsLeft":0},{"n":1,"reloadMsLeft":0},null,null,null,null,null,null],"sweep":5.262267694762915,"cls":"torpedoBoat","gun":"deckGun","pts":0,"offer":[],"boostUntil":0,"repairHp":0,"cards":["heavyTorpedo"],"lvl":0,"xp":0.0225},"contacts":[{"id":"a","x":0,"y":0,"heading":0,"speed":0,"cls":"torpedoBoat"},{"id":"b","x":200,"y":60,"heading":0,"speed":0,"cls":"torpedoBoat"}],"events":[],"mines":[]}",
  "{"t":1400,"tick":28,"ackSeq":0,"you":{"id":"c","x":250,"y":-60,"heading":0,"speed":0,"hp":250,"alive":true,"ammo":[{"n":1,"reloadMsLeft":0},{"n":1,"reloadMsLeft":0},{"n":1,"reloadMsLeft":0},null,null,null,null,null,null],"sweep":5.3408075111026605,"cls":"torpedoBoat","gun":"deckGun","pts":0,"offer":[],"boostUntil":0,"repairHp":0,"cards":["heavyTorpedo"],"lvl":0,"xp":0.023333333333333334},"contacts":[{"id":"a","x":0,"y":0,"heading":0,"speed":0,"cls":"torpedoBoat"},{"id":"b","x":200,"y":60,"heading":0,"speed":0,"cls":"torpedoBoat"}],"events":[],"mines":[]}",
  "{"t":1450,"tick":29,"ackSeq":0,"you":{"id":"c","x":250,"y":-60,"heading":0,"speed":0,"hp":250,"alive":true,"ammo":[{"n":1,"reloadMsLeft":0},{"n":1,"reloadMsLeft":0},{"n":1,"reloadMsLeft":0},null,null,null,null,null,null],"sweep":5.419347327442406,"cls":"torpedoBoat","gun":"deckGun","pts":0,"offer":[],"boostUntil":0,"repairHp":0,"cards":["heavyTorpedo"],"lvl":0,"xp":0.024166666666666666},"contacts":[{"id":"a","x":0,"y":0,"heading":0,"speed":0,"cls":"torpedoBoat"},{"id":"b","x":200,"y":60,"heading":0,"speed":0,"cls":"torpedoBoat"}],"events":[],"mines":[]}",
  "{"t":1500,"tick":30,"ackSeq":0,"you":{"id":"c","x":250,"y":-60,"heading":0,"speed":0,"hp":250,"alive":true,"ammo":[{"n":1,"reloadMsLeft":0},{"n":1,"reloadMsLeft":0},{"n":1,"reloadMsLeft":0},null,null,null,null,null,null],"sweep":5.497887143782151,"cls":"torpedoBoat","gun":"deckGun","pts":0,"offer":[],"boostUntil":0,"repairHp":0,"cards":["heavyTorpedo"],"lvl":0,"xp":0.025},"contacts":[{"id":"a","x":0,"y":0,"heading":0,"speed":0,"cls":"torpedoBoat"},{"id":"b","x":200,"y":60,"heading":0,"speed":0,"cls":"torpedoBoat"}],"events":[],"mines":[]}",
  "{"t":1550,"tick":31,"ackSeq":0,"you":{"id":"c","x":250,"y":-60,"heading":0,"speed":0,"hp":250,"alive":true,"ammo":[{"n":1,"reloadMsLeft":0},{"n":1,"reloadMsLeft":0},{"n":1,"reloadMsLeft":0},null,null,null,null,null,null],"sweep":5.576426960121896,"cls":"torpedoBoat","gun":"deckGun","pts":0,"offer":[],"boostUntil":0,"repairHp":0,"cards":["heavyTorpedo"],"lvl":0,"xp":0.025833333333333333},"contacts":[{"id":"a","x":0,"y":0,"heading":0,"speed":0,"cls":"torpedoBoat"},{"id":"b","x":200,"y":60,"heading":0,"speed":0,"cls":"torpedoBoat"}],"events":[],"mines":[]}",
  "{"t":1600,"tick":32,"ackSeq":0,"you":{"id":"c","x":250,"y":-60,"heading":0,"speed":0,"hp":250,"alive":true,"ammo":[{"n":1,"reloadMsLeft":0},{"n":1,"reloadMsLeft":0},{"n":1,"reloadMsLeft":0},null,null,null,null,null,null],"sweep":5.654966776461642,"cls":"torpedoBoat","gun":"deckGun","pts":0,"offer":[],"boostUntil":0,"repairHp":0,"cards":["heavyTorpedo"],"lvl":0,"xp":0.02666666666666667},"contacts":[{"id":"a","x":0,"y":0,"heading":0,"speed":0,"cls":"torpedoBoat"},{"id":"b","x":200,"y":60,"heading":0,"speed":0,"cls":"torpedoBoat"}],"events":[],"mines":[]}",
  "{"t":1650,"tick":33,"ackSeq":0,"you":{"id":"c","x":250,"y":-60,"heading":0,"speed":0,"hp":250,"alive":true,"ammo":[{"n":1,"reloadMsLeft":0},{"n":1,"reloadMsLeft":0},{"n":1,"reloadMsLeft":0},null,null,null,null,null,null],"sweep":5.733506592801387,"cls":"torpedoBoat","gun":"deckGun","pts":0,"offer":[],"boostUntil":0,"repairHp":0,"cards":["heavyTorpedo"],"lvl":0,"xp":0.0275},"contacts":[{"id":"a","x":0,"y":0,"heading":0,"speed":0,"cls":"torpedoBoat"},{"id":"b","x":200,"y":60,"heading":0,"speed":0,"cls":"torpedoBoat"}],"events":[],"mines":[]}",
  "{"t":1700,"tick":34,"ackSeq":0,"you":{"id":"c","x":250,"y":-60,"heading":0,"speed":0,"hp":250,"alive":true,"ammo":[{"n":1,"reloadMsLeft":0},{"n":1,"reloadMsLeft":0},{"n":1,"reloadMsLeft":0},null,null,null,null,null,null],"sweep":5.812046409141132,"cls":"torpedoBoat","gun":"deckGun","pts":0,"offer":[],"boostUntil":0,"repairHp":0,"cards":["heavyTorpedo"],"lvl":0,"xp":0.028333333333333332},"contacts":[{"id":"a","x":0,"y":0,"heading":0,"speed":0,"cls":"torpedoBoat"},{"id":"b","x":200,"y":60,"heading":0,"speed":0,"cls":"torpedoBoat"}],"events":[],"mines":[]}",
  "{"t":1750,"tick":35,"ackSeq":0,"you":{"id":"c","x":250,"y":-60,"heading":0,"speed":0,"hp":250,"alive":true,"ammo":[{"n":1,"reloadMsLeft":0},{"n":1,"reloadMsLeft":0},{"n":1,"reloadMsLeft":0},null,null,null,null,null,null],"sweep":5.890586225480877,"cls":"torpedoBoat","gun":"deckGun","pts":0,"offer":[],"boostUntil":0,"repairHp":0,"cards":["heavyTorpedo"],"lvl":0,"xp":0.029166666666666667},"contacts":[{"id":"a","x":0,"y":0,"heading":0,"speed":0,"cls":"torpedoBoat"},{"id":"b","x":200,"y":60,"heading":0,"speed":0,"cls":"torpedoBoat"}],"events":[],"mines":[]}",
  "{"t":1800,"tick":36,"ackSeq":0,"you":{"id":"c","x":250,"y":-60,"heading":0,"speed":0,"hp":250,"alive":true,"ammo":[{"n":1,"reloadMsLeft":0},{"n":1,"reloadMsLeft":0},{"n":1,"reloadMsLeft":0},null,null,null,null,null,null],"sweep":5.969126041820623,"cls":"torpedoBoat","gun":"deckGun","pts":0,"offer":[],"boostUntil":0,"repairHp":0,"cards":["heavyTorpedo"],"lvl":0,"xp":0.03},"contacts":[{"id":"a","x":0,"y":0,"heading":0,"speed":0,"cls":"torpedoBoat"},{"id":"b","x":200,"y":60,"heading":0,"speed":0,"cls":"torpedoBoat"}],"events":[],"mines":[]}",
  "{"t":1850,"tick":37,"ackSeq":0,"you":{"id":"c","x":250,"y":-60,"heading":0,"speed":0,"hp":250,"alive":true,"ammo":[{"n":1,"reloadMsLeft":0},{"n":1,"reloadMsLeft":0},{"n":1,"reloadMsLeft":0},null,null,null,null,null,null],"sweep":6.047665858160368,"cls":"torpedoBoat","gun":"deckGun","pts":0,"offer":[],"boostUntil":0,"repairHp":0,"cards":["heavyTorpedo"],"lvl":0,"xp":0.030833333333333334},"contacts":[{"id":"a","x":0,"y":0,"heading":0,"speed":0,"cls":"torpedoBoat"},{"id":"b","x":200,"y":60,"heading":0,"speed":0,"cls":"torpedoBoat"}],"events":[],"mines":[]}",
  "{"t":1900,"tick":38,"ackSeq":0,"you":{"id":"c","x":250,"y":-60,"heading":0,"speed":0,"hp":250,"alive":true,"ammo":[{"n":1,"reloadMsLeft":0},{"n":1,"reloadMsLeft":0},{"n":1,"reloadMsLeft":0},null,null,null,null,null,null],"sweep":6.126205674500113,"cls":"torpedoBoat","gun":"deckGun","pts":0,"offer":[],"boostUntil":0,"repairHp":0,"cards":["heavyTorpedo"],"lvl":0,"xp":0.03166666666666667},"contacts":[{"id":"a","x":0,"y":0,"heading":0,"speed":0,"cls":"torpedoBoat"},{"id":"b","x":200,"y":60,"heading":0,"speed":0,"cls":"torpedoBoat"}],"events":[{"k":"torpU","id":"s1","x":182.3673142852841,"y":8.541449625626813,"vx":66.46904137608301,"vy":11.752299287567737,"t":1900}],"mines":[]}",
  "{"t":1950,"tick":39,"ackSeq":0,"you":{"id":"c","x":250,"y":-60,"heading":0,"speed":0,"hp":250,"alive":true,"ammo":[{"n":1,"reloadMsLeft":0},{"n":1,"reloadMsLeft":0},{"n":1,"reloadMsLeft":0},null,null,null,null,null,null],"sweep":6.2047454908398585,"cls":"torpedoBoat","gun":"deckGun","pts":0,"offer":[],"boostUntil":0,"repairHp":0,"cards":["heavyTorpedo"],"lvl":0,"xp":0.0325},"contacts":[{"id":"a","x":0,"y":0,"heading":0,"speed":0,"cls":"torpedoBoat"},{"id":"b","x":200,"y":60,"heading":0,"speed":0,"cls":"torpedoBoat"}],"events":[],"mines":[]}",
  "{"t":2000,"tick":40,"ackSeq":0,"you":{"id":"c","x":250,"y":-60,"heading":0,"speed":0,"hp":250,"alive":true,"ammo":[{"n":1,"reloadMsLeft":0},{"n":1,"reloadMsLeft":0},{"n":1,"reloadMsLeft":0},null,null,null,null,null,null],"sweep":0.00010000000001753051,"cls":"torpedoBoat","gun":"deckGun","pts":0,"offer":[],"boostUntil":0,"repairHp":0,"cards":["heavyTorpedo"],"lvl":0,"xp":0.03333333333333333},"contacts":[{"id":"a","x":0,"y":0,"heading":0,"speed":0,"cls":"torpedoBoat"},{"id":"b","x":200,"y":60,"heading":0,"speed":0,"cls":"torpedoBoat"}],"events":[],"mines":[]}",
  "{"t":2050,"tick":41,"ackSeq":0,"you":{"id":"c","x":250,"y":-60,"heading":0,"speed":0,"hp":250,"alive":true,"ammo":[{"n":1,"reloadMsLeft":0},{"n":1,"reloadMsLeft":0},{"n":1,"reloadMsLeft":0},null,null,null,null,null,null],"sweep":0.0786398163397628,"cls":"torpedoBoat","gun":"deckGun","pts":0,"offer":[],"boostUntil":0,"repairHp":0,"cards":["heavyTorpedo"],"lvl":0,"xp":0.034166666666666665},"contacts":[{"id":"a","x":0,"y":0,"heading":0,"speed":0,"cls":"torpedoBoat"},{"id":"b","x":200,"y":60,"heading":0,"speed":0,"cls":"torpedoBoat"}],"events":[],"mines":[]}",
  "{"t":2100,"tick":42,"ackSeq":0,"you":{"id":"c","x":250,"y":-60,"heading":0,"speed":0,"hp":250,"alive":true,"ammo":[{"n":1,"reloadMsLeft":0},{"n":1,"reloadMsLeft":0},{"n":1,"reloadMsLeft":0},null,null,null,null,null,null],"sweep":0.15717963267950807,"cls":"torpedoBoat","gun":"deckGun","pts":0,"offer":[],"boostUntil":0,"repairHp":0,"cards":["heavyTorpedo"],"lvl":0,"xp":0.035},"contacts":[{"id":"a","x":0,"y":0,"heading":0,"speed":0,"cls":"torpedoBoat"},{"id":"b","x":200,"y":60,"heading":0,"speed":0,"cls":"torpedoBoat"}],"events":[],"mines":[]}",
  "{"t":2150,"tick":43,"ackSeq":0,"you":{"id":"c","x":250,"y":-60,"heading":0,"speed":0,"hp":250,"alive":true,"ammo":[{"n":1,"reloadMsLeft":0},{"n":1,"reloadMsLeft":0},{"n":1,"reloadMsLeft":0},null,null,null,null,null,null],"sweep":0.23571944901925335,"cls":"torpedoBoat","gun":"deckGun","pts":0,"offer":[],"boostUntil":0,"repairHp":0,"cards":["heavyTorpedo"],"lvl":0,"xp":0.035833333333333335},"contacts":[{"id":"a","x":0,"y":0,"heading":0,"speed":0,"cls":"torpedoBoat"},{"id":"b","x":200,"y":60,"heading":0,"speed":0,"cls":"torpedoBoat"}],"events":[],"mines":[]}",
  "{"t":2200,"tick":44,"ackSeq":0,"you":{"id":"c","x":250,"y":-60,"heading":0,"speed":0,"hp":250,"alive":true,"ammo":[{"n":1,"reloadMsLeft":0},{"n":1,"reloadMsLeft":0},{"n":1,"reloadMsLeft":0},null,null,null,null,null,null],"sweep":0.3142592653589986,"cls":"torpedoBoat","gun":"deckGun","pts":0,"offer":[],"boostUntil":0,"repairHp":0,"cards":["heavyTorpedo"],"lvl":0,"xp":0.03666666666666667},"contacts":[{"id":"a","x":0,"y":0,"heading":0,"speed":0,"cls":"torpedoBoat"},{"id":"b","x":200,"y":60,"heading":0,"speed":0,"cls":"torpedoBoat"}],"events":[],"mines":[]}",
  "{"t":2250,"tick":45,"ackSeq":0,"you":{"id":"c","x":250,"y":-60,"heading":0,"speed":0,"hp":250,"alive":true,"ammo":[{"n":1,"reloadMsLeft":0},{"n":1,"reloadMsLeft":0},{"n":1,"reloadMsLeft":0},null,null,null,null,null,null],"sweep":0.3927990816987439,"cls":"torpedoBoat","gun":"deckGun","pts":0,"offer":[],"boostUntil":0,"repairHp":0,"cards":["heavyTorpedo"],"lvl":0,"xp":0.0375},"contacts":[{"id":"a","x":0,"y":0,"heading":0,"speed":0,"cls":"torpedoBoat"},{"id":"b","x":200,"y":60,"heading":0,"speed":0,"cls":"torpedoBoat"}],"events":[],"mines":[]}",
  "{"t":2300,"tick":46,"ackSeq":0,"you":{"id":"c","x":250,"y":-60,"heading":0,"speed":0,"hp":250,"alive":true,"ammo":[{"n":1,"reloadMsLeft":0},{"n":1,"reloadMsLeft":0},{"n":1,"reloadMsLeft":0},null,null,null,null,null,null],"sweep":0.47133889803848916,"cls":"torpedoBoat","gun":"deckGun","pts":0,"offer":[],"boostUntil":0,"repairHp":0,"cards":["heavyTorpedo"],"lvl":0,"xp":0.03833333333333333},"contacts":[{"id":"a","x":0,"y":0,"heading":0,"speed":0,"cls":"torpedoBoat"},{"id":"b","x":200,"y":60,"heading":0,"speed":0,"cls":"torpedoBoat"}],"events":[],"mines":[]}",
  "{"t":2350,"tick":47,"ackSeq":0,"you":{"id":"c","x":250,"y":-60,"heading":0,"speed":0,"hp":250,"alive":true,"ammo":[{"n":1,"reloadMsLeft":0},{"n":1,"reloadMsLeft":0},{"n":1,"reloadMsLeft":0},null,null,null,null,null,null],"sweep":0.5498787143782344,"cls":"torpedoBoat","gun":"deckGun","pts":0,"offer":[],"boostUntil":0,"repairHp":0,"cards":["heavyTorpedo"],"lvl":0,"xp":0.03916666666666667},"contacts":[{"id":"a","x":0,"y":0,"heading":0,"speed":0,"cls":"torpedoBoat"},{"id":"b","x":200,"y":60,"heading":0,"speed":0,"cls":"torpedoBoat"}],"events":[],"mines":[]}",
  "{"t":2400,"tick":48,"ackSeq":0,"you":{"id":"c","x":250,"y":-60,"heading":0,"speed":0,"hp":250,"alive":true,"ammo":[{"n":1,"reloadMsLeft":0},{"n":1,"reloadMsLeft":0},{"n":1,"reloadMsLeft":0},null,null,null,null,null,null],"sweep":0.6284185307179797,"cls":"torpedoBoat","gun":"deckGun","pts":0,"offer":[],"boostUntil":0,"repairHp":0,"cards":["heavyTorpedo"],"lvl":0,"xp":0.04},"contacts":[{"id":"a","x":0,"y":0,"heading":0,"speed":0,"cls":"torpedoBoat"},{"id":"b","x":200,"y":60,"heading":0,"speed":0,"cls":"torpedoBoat"}],"events":[],"mines":[]}",
  "{"t":2450,"tick":49,"ackSeq":0,"you":{"id":"c","x":250,"y":-60,"heading":0,"speed":0,"hp":250,"alive":true,"ammo":[{"n":1,"reloadMsLeft":0},{"n":1,"reloadMsLeft":0},{"n":1,"reloadMsLeft":0},null,null,null,null,null,null],"sweep":0.706958347057725,"cls":"torpedoBoat","gun":"deckGun","pts":0,"offer":[],"boostUntil":0,"repairHp":0,"cards":["heavyTorpedo"],"lvl":0,"xp":0.04083333333333333},"contacts":[{"id":"a","x":0,"y":0,"heading":0,"speed":0,"cls":"torpedoBoat"},{"id":"b","x":200,"y":60,"heading":0,"speed":0,"cls":"torpedoBoat"}],"events":[],"mines":[]}",
  "{"t":2500,"tick":50,"ackSeq":0,"you":{"id":"c","x":250,"y":-60,"heading":0,"speed":0,"hp":250,"alive":true,"ammo":[{"n":1,"reloadMsLeft":0},{"n":1,"reloadMsLeft":0},{"n":1,"reloadMsLeft":0},null,null,null,null,null,null],"sweep":0.7854981633974703,"cls":"torpedoBoat","gun":"deckGun","pts":0,"offer":[],"boostUntil":0,"repairHp":0,"cards":["heavyTorpedo"],"lvl":0,"xp":0.041666666666666664},"contacts":[{"id":"a","x":0,"y":0,"heading":0,"speed":0,"cls":"torpedoBoat"},{"id":"b","x":200,"y":60,"heading":0,"speed":0,"cls":"torpedoBoat"}],"events":[],"mines":[]}",
  "{"t":2550,"tick":51,"ackSeq":0,"you":{"id":"c","x":250,"y":-60,"heading":0,"speed":0,"hp":250,"alive":true,"ammo":[{"n":1,"reloadMsLeft":0},{"n":1,"reloadMsLeft":0},{"n":1,"reloadMsLeft":0},null,null,null,null,null,null],"sweep":0.8640379797372155,"cls":"torpedoBoat","gun":"deckGun","pts":0,"offer":[],"boostUntil":0,"repairHp":0,"cards":["heavyTorpedo"],"lvl":0,"xp":0.0425},"contacts":[{"id":"a","x":0,"y":0,"heading":0,"speed":0,"cls":"torpedoBoat"},{"id":"b","x":200,"y":60,"heading":0,"speed":0,"cls":"torpedoBoat"}],"events":[],"mines":[]}",
  "{"t":2600,"tick":52,"ackSeq":0,"you":{"id":"c","x":250,"y":-60,"heading":0,"speed":0,"hp":250,"alive":true,"ammo":[{"n":1,"reloadMsLeft":0},{"n":1,"reloadMsLeft":0},{"n":1,"reloadMsLeft":0},null,null,null,null,null,null],"sweep":0.9425777960769608,"cls":"torpedoBoat","gun":"deckGun","pts":0,"offer":[],"boostUntil":0,"repairHp":0,"cards":["heavyTorpedo"],"lvl":0,"xp":0.043333333333333335},"contacts":[{"id":"a","x":0,"y":0,"heading":0,"speed":0,"cls":"torpedoBoat"},{"id":"b","x":200,"y":60,"heading":0,"speed":0,"cls":"torpedoBoat"}],"events":[{"k":"torpU","id":"s1","x":228.44442659939452,"y":18.93593978701888,"vx":65.1877373783579,"vy":17.515961163756813,"t":2600}],"mines":[]}",
  "{"t":2650,"tick":53,"ackSeq":0,"you":{"id":"c","x":250,"y":-60,"heading":0,"speed":0,"hp":250,"alive":true,"ammo":[{"n":1,"reloadMsLeft":0},{"n":1,"reloadMsLeft":0},{"n":1,"reloadMsLeft":0},null,null,null,null,null,null],"sweep":1.021117612416706,"cls":"torpedoBoat","gun":"deckGun","pts":0,"offer":[],"boostUntil":0,"repairHp":0,"cards":["heavyTorpedo"],"lvl":0,"xp":0.04416666666666667},"contacts":[{"id":"a","x":0,"y":0,"heading":0,"speed":0,"cls":"torpedoBoat"},{"id":"b","x":200,"y":60,"heading":0,"speed":0,"cls":"torpedoBoat"}],"events":[],"mines":[]}",
  "{"t":2700,"tick":54,"ackSeq":0,"you":{"id":"c","x":250,"y":-60,"heading":0,"speed":0,"hp":250,"alive":true,"ammo":[{"n":1,"reloadMsLeft":0},{"n":1,"reloadMsLeft":0},{"n":1,"reloadMsLeft":0},null,null,null,null,null,null],"sweep":1.0996574287564513,"cls":"torpedoBoat","gun":"deckGun","pts":0,"offer":[],"boostUntil":0,"repairHp":0,"cards":["heavyTorpedo"],"lvl":0,"xp":0.045},"contacts":[{"id":"a","x":0,"y":0,"heading":0,"speed":0,"cls":"torpedoBoat"},{"id":"b","x":200,"y":60,"heading":0,"speed":0,"cls":"torpedoBoat"}],"events":[],"mines":[]}",
  "{"t":2750,"tick":55,"ackSeq":0,"you":{"id":"c","x":250,"y":-60,"heading":0,"speed":0,"hp":250,"alive":true,"ammo":[{"n":1,"reloadMsLeft":0},{"n":1,"reloadMsLeft":0},{"n":1,"reloadMsLeft":0},null,null,null,null,null,null],"sweep":1.1781972450961966,"cls":"torpedoBoat","gun":"deckGun","pts":0,"offer":[],"boostUntil":0,"repairHp":0,"cards":["heavyTorpedo"],"lvl":0,"xp":0.04583333333333333},"contacts":[{"id":"a","x":0,"y":0,"heading":0,"speed":0,"cls":"torpedoBoat"},{"id":"b","x":200,"y":60,"heading":0,"speed":0,"cls":"torpedoBoat"}],"events":[],"mines":[]}",
  "{"t":2800,"tick":56,"ackSeq":0,"you":{"id":"c","x":250,"y":-60,"heading":0,"speed":0,"hp":250,"alive":true,"ammo":[{"n":1,"reloadMsLeft":0},{"n":1,"reloadMsLeft":0},{"n":1,"reloadMsLeft":0},null,null,null,null,null,null],"sweep":1.2567370614359419,"cls":"torpedoBoat","gun":"deckGun","pts":0,"offer":[],"boostUntil":0,"repairHp":0,"cards":["heavyTorpedo"],"lvl":0,"xp":0.04666666666666667},"contacts":[{"id":"a","x":0,"y":0,"heading":0,"speed":0,"cls":"torpedoBoat"},{"id":"b","x":200,"y":60,"heading":0,"speed":0,"cls":"torpedoBoat"}],"events":[],"mines":[]}",
  "{"t":2850,"tick":57,"ackSeq":0,"you":{"id":"c","x":250,"y":-60,"heading":0,"speed":0,"hp":250,"alive":true,"ammo":[{"n":1,"reloadMsLeft":0},{"n":1,"reloadMsLeft":0},{"n":1,"reloadMsLeft":0},null,null,null,null,null,null],"sweep":1.3352768777756872,"cls":"torpedoBoat","gun":"deckGun","pts":0,"offer":[],"boostUntil":0,"repairHp":0,"cards":["heavyTorpedo"],"lvl":0,"xp":0.0475},"contacts":[{"id":"a","x":0,"y":0,"heading":0,"speed":0,"cls":"torpedoBoat"},{"id":"b","x":200,"y":60,"heading":0,"speed":0,"cls":"torpedoBoat"}],"events":[],"mines":[]}",
  "{"t":2900,"tick":58,"ackSeq":0,"you":{"id":"c","x":250,"y":-60,"heading":0,"speed":0,"hp":250,"alive":true,"ammo":[{"n":1,"reloadMsLeft":0},{"n":1,"reloadMsLeft":0},{"n":1,"reloadMsLeft":0},null,null,null,null,null,null],"sweep":1.4138166941154324,"cls":"torpedoBoat","gun":"deckGun","pts":0,"offer":[],"boostUntil":0,"repairHp":0,"cards":["heavyTorpedo"],"lvl":0,"xp":0.04833333333333333},"contacts":[{"id":"a","x":0,"y":0,"heading":0,"speed":0,"cls":"torpedoBoat"},{"id":"b","x":200,"y":60,"heading":0,"speed":0,"cls":"torpedoBoat"}],"events":[],"mines":[]}",
  "{"t":2950,"tick":59,"ackSeq":0,"you":{"id":"c","x":250,"y":-60,"heading":0,"speed":0,"hp":250,"alive":true,"ammo":[{"n":1,"reloadMsLeft":0},{"n":1,"reloadMsLeft":0},{"n":1,"reloadMsLeft":0},null,null,null,null,null,null],"sweep":1.4923565104551777,"cls":"torpedoBoat","gun":"deckGun","pts":0,"offer":[],"boostUntil":0,"repairHp":0,"cards":["heavyTorpedo"],"lvl":0,"xp":0.049166666666666664},"contacts":[{"id":"a","x":0,"y":0,"heading":0,"speed":0,"cls":"torpedoBoat"},{"id":"b","x":200,"y":60,"heading":0,"speed":0,"cls":"torpedoBoat"}],"events":[],"mines":[]}",
  "{"t":3000,"tick":60,"ackSeq":0,"you":{"id":"c","x":250,"y":-60,"heading":0,"speed":0,"hp":250,"alive":true,"ammo":[{"n":1,"reloadMsLeft":0},{"n":1,"reloadMsLeft":0},{"n":1,"reloadMsLeft":0},null,null,null,null,null,null],"sweep":1.570896326794923,"cls":"torpedoBoat","gun":"deckGun","pts":0,"offer":[],"boostUntil":0,"repairHp":0,"cards":["heavyTorpedo"],"lvl":0,"xp":0.05},"contacts":[{"id":"a","x":0,"y":0,"heading":0,"speed":0,"cls":"torpedoBoat"},{"id":"b","x":200,"y":60,"heading":0,"speed":0,"cls":"torpedoBoat"}],"events":[],"mines":[]}",
  "{"t":3050,"tick":61,"ackSeq":0,"you":{"id":"c","x":250,"y":-60,"heading":0,"speed":0,"hp":250,"alive":true,"ammo":[{"n":1,"reloadMsLeft":0},{"n":1,"reloadMsLeft":0},{"n":1,"reloadMsLeft":0},null,null,null,null,null,null],"sweep":1.6494361431346682,"cls":"torpedoBoat","gun":"deckGun","pts":0,"offer":[],"boostUntil":0,"repairHp":0,"cards":["heavyTorpedo"],"lvl":0,"xp":0.050833333333333335},"contacts":[{"id":"a","x":0,"y":0,"heading":0,"speed":0,"cls":"torpedoBoat"},{"id":"b","x":200,"y":60,"heading":0,"speed":0,"cls":"torpedoBoat"}],"events":[],"mines":[]}",
  "{"t":3100,"tick":62,"ackSeq":0,"you":{"id":"c","x":250,"y":-60,"heading":0,"speed":0,"hp":250,"alive":true,"ammo":[{"n":1,"reloadMsLeft":0},{"n":1,"reloadMsLeft":0},{"n":1,"reloadMsLeft":0},null,null,null,null,null,null],"sweep":1.7279759594744135,"cls":"torpedoBoat","gun":"deckGun","pts":0,"offer":[],"boostUntil":0,"repairHp":0,"cards":["heavyTorpedo"],"lvl":0,"xp":0.051666666666666666},"contacts":[{"id":"a","x":0,"y":0,"heading":0,"speed":0,"cls":"torpedoBoat"},{"id":"b","x":200,"y":60,"heading":0,"speed":0,"cls":"torpedoBoat"}],"events":[],"mines":[]}",
  "{"t":3150,"tick":63,"ackSeq":0,"you":{"id":"c","x":250,"y":-60,"heading":0,"speed":0,"hp":250,"alive":true,"ammo":[{"n":1,"reloadMsLeft":0},{"n":1,"reloadMsLeft":0},{"n":1,"reloadMsLeft":0},null,null,null,null,null,null],"sweep":1.8065157758141588,"cls":"torpedoBoat","gun":"deckGun","pts":0,"offer":[],"boostUntil":0,"repairHp":0,"cards":["heavyTorpedo"],"lvl":0,"xp":0.0525},"contacts":[{"id":"a","x":0,"y":0,"heading":0,"speed":0,"cls":"torpedoBoat"},{"id":"b","x":200,"y":60,"heading":0,"speed":0,"cls":"torpedoBoat"}],"events":[],"mines":[]}",
  "{"t":3200,"tick":64,"ackSeq":0,"you":{"id":"c","x":250,"y":-60,"heading":0,"speed":0,"hp":250,"alive":true,"ammo":[{"n":1,"reloadMsLeft":0},{"n":1,"reloadMsLeft":0},{"n":1,"reloadMsLeft":0},null,null,null,null,null,null],"sweep":1.885055592153904,"cls":"torpedoBoat","gun":"deckGun","pts":0,"offer":[],"boostUntil":0,"repairHp":0,"cards":["heavyTorpedo"],"lvl":0,"xp":0.05333333333333334},"contacts":[{"id":"a","x":0,"y":0,"heading":0,"speed":0,"cls":"torpedoBoat"},{"id":"b","x":200,"y":60,"heading":0,"speed":0,"cls":"torpedoBoat"}],"events":[],"mines":[]}",
  "{"t":3250,"tick":65,"ackSeq":0,"you":{"id":"c","x":250,"y":-60,"heading":0,"speed":0,"hp":250,"alive":true,"ammo":[{"n":1,"reloadMsLeft":0},{"n":1,"reloadMsLeft":0},{"n":1,"reloadMsLeft":0},null,null,null,null,null,null],"sweep":1.9635954084936493,"cls":"torpedoBoat","gun":"deckGun","pts":0,"offer":[],"boostUntil":0,"repairHp":0,"cards":["heavyTorpedo"],"lvl":0,"xp":0.05416666666666667},"contacts":[{"id":"a","x":0,"y":0,"heading":0,"speed":0,"cls":"torpedoBoat"},{"id":"b","x":200,"y":60,"heading":0,"speed":0,"cls":"torpedoBoat"}],"events":[],"mines":[]}",
  "{"t":3300,"tick":66,"ackSeq":0,"you":{"id":"c","x":250,"y":-60,"heading":0,"speed":0,"hp":250,"alive":true,"ammo":[{"n":1,"reloadMsLeft":0},{"n":1,"reloadMsLeft":0},{"n":1,"reloadMsLeft":0},null,null,null,null,null,null],"sweep":2.0421352248333946,"cls":"torpedoBoat","gun":"deckGun","pts":0,"offer":[],"boostUntil":0,"repairHp":0,"cards":["heavyTorpedo"],"lvl":0,"xp":0.055},"contacts":[{"id":"a","x":0,"y":0,"heading":0,"speed":0,"cls":"torpedoBoat"},{"id":"b","x":200,"y":60,"heading":0,"speed":0,"cls":"torpedoBoat"}],"events":[{"k":"torpU","id":"s1","x":273.43690472842917,"y":33.317268541023886,"vx":63.40765811719804,"vy":23.145602003242935,"t":3300}],"mines":[]}",
  "{"t":3350,"tick":67,"ackSeq":0,"you":{"id":"c","x":250,"y":-60,"heading":0,"speed":0,"hp":250,"alive":true,"ammo":[{"n":1,"reloadMsLeft":0},{"n":1,"reloadMsLeft":0},{"n":1,"reloadMsLeft":0},null,null,null,null,null,null],"sweep":2.12067504117314,"cls":"torpedoBoat","gun":"deckGun","pts":0,"offer":[],"boostUntil":0,"repairHp":0,"cards":["heavyTorpedo"],"lvl":0,"xp":0.05583333333333333},"contacts":[{"id":"a","x":0,"y":0,"heading":0,"speed":0,"cls":"torpedoBoat"},{"id":"b","x":200,"y":60,"heading":0,"speed":0,"cls":"torpedoBoat"}],"events":[],"mines":[]}",
  "{"t":3400,"tick":68,"ackSeq":0,"you":{"id":"c","x":250,"y":-60,"heading":0,"speed":0,"hp":250,"alive":true,"ammo":[{"n":1,"reloadMsLeft":0},{"n":1,"reloadMsLeft":0},{"n":1,"reloadMsLeft":0},null,null,null,null,null,null],"sweep":2.199214857512885,"cls":"torpedoBoat","gun":"deckGun","pts":0,"offer":[],"boostUntil":0,"repairHp":0,"cards":["heavyTorpedo"],"lvl":0,"xp":0.056666666666666664},"contacts":[{"id":"a","x":0,"y":0,"heading":0,"speed":0,"cls":"torpedoBoat"},{"id":"b","x":200,"y":60,"heading":0,"speed":0,"cls":"torpedoBoat"}],"events":[],"mines":[]}",
  "{"t":3450,"tick":69,"ackSeq":0,"you":{"id":"c","x":250,"y":-60,"heading":0,"speed":0,"hp":250,"alive":true,"ammo":[{"n":1,"reloadMsLeft":0},{"n":1,"reloadMsLeft":0},{"n":1,"reloadMsLeft":0},null,null,null,null,null,null],"sweep":2.2777546738526304,"cls":"torpedoBoat","gun":"deckGun","pts":0,"offer":[],"boostUntil":0,"repairHp":0,"cards":["heavyTorpedo"],"lvl":0,"xp":0.0575},"contacts":[{"id":"a","x":0,"y":0,"heading":0,"speed":0,"cls":"torpedoBoat"},{"id":"b","x":200,"y":60,"heading":0,"speed":0,"cls":"torpedoBoat"}],"events":[],"mines":[]}",
  "{"t":3500,"tick":70,"ackSeq":0,"you":{"id":"c","x":250,"y":-60,"heading":0,"speed":0,"hp":250,"alive":true,"ammo":[{"n":1,"reloadMsLeft":0},{"n":1,"reloadMsLeft":0},{"n":1,"reloadMsLeft":0},null,null,null,null,null,null],"sweep":2.3562944901923757,"cls":"torpedoBoat","gun":"deckGun","pts":0,"offer":[],"boostUntil":0,"repairHp":0,"cards":["heavyTorpedo"],"lvl":0,"xp":0.058333333333333334},"contacts":[{"id":"a","x":0,"y":0,"heading":0,"speed":0,"cls":"torpedoBoat"},{"id":"b","x":200,"y":60,"heading":0,"speed":0,"cls":"torpedoBoat"}],"events":[],"mines":[]}",
  "{"t":3550,"tick":71,"ackSeq":0,"you":{"id":"c","x":250,"y":-60,"heading":0,"speed":0,"hp":250,"alive":true,"ammo":[{"n":1,"reloadMsLeft":0},{"n":1,"reloadMsLeft":0},{"n":1,"reloadMsLeft":0},null,null,null,null,null,null],"sweep":2.434834306532121,"cls":"torpedoBoat","gun":"deckGun","pts":0,"offer":[],"boostUntil":0,"repairHp":0,"cards":["heavyTorpedo"],"lvl":0,"xp":0.059166666666666666},"contacts":[{"id":"a","x":0,"y":0,"heading":0,"speed":0,"cls":"torpedoBoat"},{"id":"b","x":200,"y":60,"heading":0,"speed":0,"cls":"torpedoBoat"}],"events":[],"mines":[]}",
  "{"t":3600,"tick":72,"ackSeq":0,"you":{"id":"c","x":250,"y":-60,"heading":0,"speed":0,"hp":250,"alive":true,"ammo":[{"n":1,"reloadMsLeft":0},{"n":1,"reloadMsLeft":0},{"n":1,"reloadMsLeft":0},null,null,null,null,null,null],"sweep":2.5133741228718662,"cls":"torpedoBoat","gun":"deckGun","pts":0,"offer":[],"boostUntil":0,"repairHp":0,"cards":["heavyTorpedo"],"lvl":0,"xp":0.06},"contacts":[{"id":"a","x":0,"y":0,"heading":0,"speed":0,"cls":"torpedoBoat"},{"id":"b","x":200,"y":60,"heading":0,"speed":0,"cls":"torpedoBoat"}],"events":[],"mines":[]}",
  "{"t":3650,"tick":73,"ackSeq":0,"you":{"id":"c","x":250,"y":-60,"heading":0,"speed":0,"hp":250,"alive":true,"ammo":[{"n":1,"reloadMsLeft":0},{"n":1,"reloadMsLeft":0},{"n":1,"reloadMsLeft":0},null,null,null,null,null,null],"sweep":2.5919139392116115,"cls":"torpedoBoat","gun":"deckGun","pts":0,"offer":[],"boostUntil":0,"repairHp":0,"cards":["heavyTorpedo"],"lvl":0,"xp":0.060833333333333336},"contacts":[{"id":"a","x":0,"y":0,"heading":0,"speed":0,"cls":"torpedoBoat"},{"id":"b","x":200,"y":60,"heading":0,"speed":0,"cls":"torpedoBoat"}],"events":[],"mines":[]}",
  "{"t":3700,"tick":74,"ackSeq":0,"you":{"id":"c","x":250,"y":-60,"heading":0,"speed":0,"hp":250,"alive":true,"ammo":[{"n":1,"reloadMsLeft":0},{"n":1,"reloadMsLeft":0},{"n":1,"reloadMsLeft":0},null,null,null,null,null,null],"sweep":2.670453755551357,"cls":"torpedoBoat","gun":"deckGun","pts":0,"offer":[],"boostUntil":0,"repairHp":0,"cards":["heavyTorpedo"],"lvl":0,"xp":0.06166666666666667},"contacts":[{"id":"a","x":0,"y":0,"heading":0,"speed":0,"cls":"torpedoBoat"},{"id":"b","x":200,"y":60,"heading":0,"speed":0,"cls":"torpedoBoat"}],"events":[],"mines":[]}",
  "{"t":3750,"tick":75,"ackSeq":0,"you":{"id":"c","x":250,"y":-60,"heading":0,"speed":0,"hp":250,"alive":true,"ammo":[{"n":1,"reloadMsLeft":0},{"n":1,"reloadMsLeft":0},{"n":1,"reloadMsLeft":0},null,null,null,null,null,null],"sweep":2.748993571891102,"cls":"torpedoBoat","gun":"deckGun","pts":0,"offer":[],"boostUntil":0,"repairHp":0,"cards":["heavyTorpedo"],"lvl":0,"xp":0.0625},"contacts":[{"id":"a","x":0,"y":0,"heading":0,"speed":0,"cls":"torpedoBoat"},{"id":"b","x":200,"y":60,"heading":0,"speed":0,"cls":"torpedoBoat"}],"events":[],"mines":[]}",
  "{"t":3800,"tick":76,"ackSeq":0,"you":{"id":"c","x":250,"y":-60,"heading":0,"speed":0,"hp":250,"alive":true,"ammo":[{"n":1,"reloadMsLeft":0},{"n":1,"reloadMsLeft":0},{"n":1,"reloadMsLeft":0},null,null,null,null,null,null],"sweep":2.8275333882308473,"cls":"torpedoBoat","gun":"deckGun","pts":0,"offer":[],"boostUntil":0,"repairHp":0,"cards":["heavyTorpedo"],"lvl":0,"xp":0.06333333333333334},"contacts":[{"id":"a","x":0,"y":0,"heading":0,"speed":0,"cls":"torpedoBoat"},{"id":"b","x":200,"y":60,"heading":0,"speed":0,"cls":"torpedoBoat"}],"events":[],"mines":[]}",
  "{"t":3850,"tick":77,"ackSeq":0,"you":{"id":"c","x":250,"y":-60,"heading":0,"speed":0,"hp":250,"alive":true,"ammo":[{"n":1,"reloadMsLeft":0},{"n":1,"reloadMsLeft":0},{"n":1,"reloadMsLeft":0},null,null,null,null,null,null],"sweep":2.9060732045705926,"cls":"torpedoBoat","gun":"deckGun","pts":0,"offer":[],"boostUntil":0,"repairHp":0,"cards":["heavyTorpedo"],"lvl":0,"xp":0.06416666666666666},"contacts":[{"id":"a","x":0,"y":0,"heading":0,"speed":0,"cls":"torpedoBoat"},{"id":"b","x":200,"y":60,"heading":0,"speed":0,"cls":"torpedoBoat"}],"events":[],"mines":[]}",
  "{"t":3900,"tick":78,"ackSeq":0,"you":{"id":"c","x":250,"y":-60,"heading":0,"speed":0,"hp":250,"alive":true,"ammo":[{"n":1,"reloadMsLeft":0},{"n":1,"reloadMsLeft":0},{"n":1,"reloadMsLeft":0},null,null,null,null,null,null],"sweep":2.984613020910338,"cls":"torpedoBoat","gun":"deckGun","pts":0,"offer":[],"boostUntil":0,"repairHp":0,"cards":["heavyTorpedo"],"lvl":0,"xp":0.065},"contacts":[{"id":"a","x":0,"y":0,"heading":0,"speed":0,"cls":"torpedoBoat"},{"id":"b","x":200,"y":60,"heading":0,"speed":0,"cls":"torpedoBoat"}],"events":[],"mines":[]}",
  "{"t":3950,"tick":79,"ackSeq":0,"you":{"id":"c","x":250,"y":-60,"heading":0,"speed":0,"hp":250,"alive":true,"ammo":[{"n":1,"reloadMsLeft":0},{"n":1,"reloadMsLeft":0},{"n":1,"reloadMsLeft":0},null,null,null,null,null,null],"sweep":3.063152837250083,"cls":"torpedoBoat","gun":"deckGun","pts":0,"offer":[],"boostUntil":0,"repairHp":0,"cards":["heavyTorpedo"],"lvl":0,"xp":0.06583333333333333},"contacts":[{"id":"a","x":0,"y":0,"heading":0,"speed":0,"cls":"torpedoBoat"},{"id":"b","x":200,"y":60,"heading":0,"speed":0,"cls":"torpedoBoat"}],"events":[],"mines":[]}",
  "{"t":4000,"tick":80,"ackSeq":0,"you":{"id":"c","x":250,"y":-60,"heading":0,"speed":0,"hp":250,"alive":true,"ammo":[{"n":1,"reloadMsLeft":0},{"n":1,"reloadMsLeft":0},{"n":1,"reloadMsLeft":0},null,null,null,null,null,null],"sweep":3.1416926535898284,"cls":"torpedoBoat","gun":"deckGun","pts":0,"offer":[],"boostUntil":0,"repairHp":0,"cards":["heavyTorpedo"],"lvl":0,"xp":0.06666666666666667},"contacts":[{"id":"a","x":0,"y":0,"heading":0,"speed":0,"cls":"torpedoBoat"},{"id":"b","x":200,"y":60,"heading":0,"speed":0,"cls":"torpedoBoat"}],"events":[],"mines":[]}",
  "{"t":4050,"tick":81,"ackSeq":0,"you":{"id":"c","x":250,"y":-60,"heading":0,"speed":0,"hp":250,"alive":true,"ammo":[{"n":1,"reloadMsLeft":0},{"n":1,"reloadMsLeft":0},{"n":1,"reloadMsLeft":0},null,null,null,null,null,null],"sweep":3.2202324699295737,"cls":"torpedoBoat","gun":"deckGun","pts":0,"offer":[],"boostUntil":0,"repairHp":0,"cards":["heavyTorpedo"],"lvl":0,"xp":0.0675},"contacts":[{"id":"a","x":0,"y":0,"heading":0,"speed":0,"cls":"torpedoBoat"},{"id":"b","x":200,"y":60,"heading":0,"speed":0,"cls":"torpedoBoat"}],"events":[],"mines":[]}",
  "{"t":4100,"tick":82,"ackSeq":0,"you":{"id":"c","x":250,"y":-60,"heading":0,"speed":0,"hp":250,"alive":true,"ammo":[{"n":1,"reloadMsLeft":0},{"n":1,"reloadMsLeft":0},{"n":1,"reloadMsLeft":0},null,null,null,null,null,null],"sweep":3.298772286269319,"cls":"torpedoBoat","gun":"deckGun","pts":0,"offer":[],"boostUntil":0,"repairHp":0,"cards":["heavyTorpedo"],"lvl":0,"xp":0.06833333333333333},"contacts":[{"id":"a","x":0,"y":0,"heading":0,"speed":0,"cls":"torpedoBoat"},{"id":"b","x":200,"y":60,"heading":0,"speed":0,"cls":"torpedoBoat"}],"events":[],"mines":[]}",
  "{"t":4150,"tick":83,"ackSeq":0,"you":{"id":"c","x":250,"y":-60,"heading":0,"speed":0,"hp":250,"alive":true,"ammo":[{"n":1,"reloadMsLeft":0},{"n":1,"reloadMsLeft":0},{"n":1,"reloadMsLeft":0},null,null,null,null,null,null],"sweep":3.3773121026090642,"cls":"torpedoBoat","gun":"deckGun","pts":0,"offer":[],"boostUntil":0,"repairHp":0,"cards":["heavyTorpedo"],"lvl":0,"xp":0.06916666666666667},"contacts":[{"id":"a","x":0,"y":0,"heading":0,"speed":0,"cls":"torpedoBoat"},{"id":"b","x":200,"y":60,"heading":0,"speed":0,"cls":"torpedoBoat"}],"events":[],"mines":[]}",
  "{"t":4200,"tick":84,"ackSeq":0,"you":{"id":"c","x":250,"y":-60,"heading":0,"speed":0,"hp":250,"alive":true,"ammo":[{"n":1,"reloadMsLeft":0},{"n":1,"reloadMsLeft":0},{"n":1,"reloadMsLeft":0},null,null,null,null,null,null],"sweep":3.4558519189488095,"cls":"torpedoBoat","gun":"deckGun","pts":0,"offer":[],"boostUntil":0,"repairHp":0,"cards":["heavyTorpedo"],"lvl":0,"xp":0.07},"contacts":[{"id":"a","x":0,"y":0,"heading":0,"speed":0,"cls":"torpedoBoat"},{"id":"b","x":200,"y":60,"heading":0,"speed":0,"cls":"torpedoBoat"}],"events":[],"mines":[]}",
  "{"t":4250,"tick":85,"ackSeq":0,"you":{"id":"c","x":250,"y":-60,"heading":0,"speed":0,"hp":250,"alive":true,"ammo":[{"n":1,"reloadMsLeft":0},{"n":1,"reloadMsLeft":0},{"n":1,"reloadMsLeft":0},null,null,null,null,null,null],"sweep":3.5343917352885548,"cls":"torpedoBoat","gun":"deckGun","pts":0,"offer":[],"boostUntil":0,"repairHp":0,"cards":["heavyTorpedo"],"lvl":0,"xp":0.07083333333333333},"contacts":[{"id":"a","x":0,"y":0,"heading":0,"speed":0,"cls":"torpedoBoat"},{"id":"b","x":200,"y":60,"heading":0,"speed":0,"cls":"torpedoBoat"}],"events":[],"mines":[]}",
  "{"t":4300,"tick":86,"ackSeq":0,"you":{"id":"c","x":250,"y":-60,"heading":0,"speed":0,"hp":250,"alive":true,"ammo":[{"n":1,"reloadMsLeft":0},{"n":1,"reloadMsLeft":0},{"n":1,"reloadMsLeft":0},null,null,null,null,null,null],"sweep":3.6129315516283,"cls":"torpedoBoat","gun":"deckGun","pts":0,"offer":[],"boostUntil":0,"repairHp":0,"cards":["heavyTorpedo"],"lvl":0,"xp":0.07166666666666667},"contacts":[{"id":"a","x":0,"y":0,"heading":0,"speed":0,"cls":"torpedoBoat"},{"id":"b","x":200,"y":60,"heading":0,"speed":0,"cls":"torpedoBoat"}],"events":[],"mines":[]}",
  "{"t":4350,"tick":87,"ackSeq":0,"you":{"id":"c","x":250,"y":-60,"heading":0,"speed":0,"hp":250,"alive":true,"ammo":[{"n":1,"reloadMsLeft":0},{"n":1,"reloadMsLeft":0},{"n":1,"reloadMsLeft":0},null,null,null,null,null,null],"sweep":3.6914713679680453,"cls":"torpedoBoat","gun":"deckGun","pts":0,"offer":[],"boostUntil":0,"repairHp":0,"cards":["heavyTorpedo"],"lvl":0,"xp":0.0725},"contacts":[{"id":"a","x":0,"y":0,"heading":0,"speed":0,"cls":"torpedoBoat"},{"id":"b","x":200,"y":60,"heading":0,"speed":0,"cls":"torpedoBoat"}],"events":[],"mines":[]}",
  "{"t":4400,"tick":88,"ackSeq":0,"you":{"id":"c","x":250,"y":-60,"heading":0,"speed":0,"hp":250,"alive":true,"ammo":[{"n":1,"reloadMsLeft":0},{"n":1,"reloadMsLeft":0},{"n":1,"reloadMsLeft":0},null,null,null,null,null,null],"sweep":3.7700111843077906,"cls":"torpedoBoat","gun":"deckGun","pts":0,"offer":[],"boostUntil":0,"repairHp":0,"cards":["heavyTorpedo"],"lvl":0,"xp":0.07333333333333333},"contacts":[{"id":"a","x":0,"y":0,"heading":0,"speed":0,"cls":"torpedoBoat"},{"id":"b","x":200,"y":60,"heading":0,"speed":0,"cls":"torpedoBoat"}],"events":[],"mines":[]}",
  "{"t":4450,"tick":89,"ackSeq":0,"you":{"id":"c","x":250,"y":-60,"heading":0,"speed":0,"hp":250,"alive":true,"ammo":[{"n":1,"reloadMsLeft":0},{"n":1,"reloadMsLeft":0},{"n":1,"reloadMsLeft":0},null,null,null,null,null,null],"sweep":3.848551000647536,"cls":"torpedoBoat","gun":"deckGun","pts":0,"offer":[],"boostUntil":0,"repairHp":0,"cards":["heavyTorpedo"],"lvl":0,"xp":0.07416666666666667},"contacts":[{"id":"a","x":0,"y":0,"heading":0,"speed":0,"cls":"torpedoBoat"},{"id":"b","x":200,"y":60,"heading":0,"speed":0,"cls":"torpedoBoat"}],"events":[],"mines":[]}",
  "{"t":4500,"tick":90,"ackSeq":0,"you":{"id":"c","x":250,"y":-60,"heading":0,"speed":0,"hp":250,"alive":true,"ammo":[{"n":1,"reloadMsLeft":0},{"n":1,"reloadMsLeft":0},{"n":1,"reloadMsLeft":0},null,null,null,null,null,null],"sweep":3.927090816987281,"cls":"torpedoBoat","gun":"deckGun","pts":0,"offer":[],"boostUntil":0,"repairHp":0,"cards":["heavyTorpedo"],"lvl":0,"xp":0.075},"contacts":[{"id":"a","x":0,"y":0,"heading":0,"speed":0,"cls":"torpedoBoat"},{"id":"b","x":200,"y":60,"heading":0,"speed":0,"cls":"torpedoBoat"}],"events":[],"mines":[]}",
  "{"t":50,"tick":1,"ackSeq":0,"you":{"id":"b","x":0,"y":10,"heading":0,"speed":0,"hp":240,"alive":true,"ammo":[{"n":1,"reloadMsLeft":0},{"n":1,"reloadMsLeft":0},{"n":1,"reloadMsLeft":0},null,null,null,null,null,null],"sweep":0.07853981633974527,"cls":"torpedoBoat","gun":"deckGun","pts":0,"offer":[],"boostUntil":0,"repairHp":0,"cards":["heavyTorpedo"],"lvl":0,"xp":0.0008333333333333334,"slowedUntil":5050,"slowFactor":0.75,"dazzledUntil":300},"contacts":[{"id":"watcher","x":100,"y":60,"heading":0,"speed":0,"cls":"torpedoBoat"}],"events":[{"k":"spawn","id":"b","x":-1383.954382825349,"y":-1761.326280465521},{"k":"boom","id":"fm","hit":"b","x":0,"y":0},{"k":"dmg","id":"b","amount":10,"hp":240}],"mines":[],"litZones":[{"id":"dz","x":0,"y":0,"r":100,"until":999999,"by":"o","daz":true}]}",
  "{"t":50,"tick":1,"ackSeq":0,"you":{"id":"watcher","x":100,"y":60,"heading":0,"speed":0,"hp":250,"alive":true,"ammo":[{"n":1,"reloadMsLeft":0},{"n":1,"reloadMsLeft":0},{"n":1,"reloadMsLeft":0},null,null,null,null,null,null],"sweep":0.07853981633974527,"cls":"torpedoBoat","gun":"deckGun","pts":0,"offer":[],"boostUntil":0,"repairHp":0,"cards":["heavyTorpedo"],"lvl":0,"xp":0.0008333333333333334},"contacts":[{"id":"b","x":0,"y":10,"heading":0,"speed":0,"cls":"torpedoBoat"}],"events":[{"k":"spawn","id":"watcher","x":-84.36100301260923,"y":-2238.4108696060935},{"k":"boom","id":"fm","hit":"b","x":0,"y":0}],"mines":[],"litZones":[{"id":"dz","x":0,"y":0,"r":100,"until":999999,"by":"o","daz":true}]}",
  "{"t":50,"tick":1,"ackSeq":1,"you":{"id":"a","x":0,"y":0,"heading":0,"speed":0,"hp":250,"alive":true,"ammo":[{"n":0,"reloadMsLeft":5000},{"n":1,"reloadMsLeft":0},{"n":1,"reloadMsLeft":0},null,null,null,null,null,null],"sweep":0.07853981633974527,"cls":"torpedoBoat","gun":"deckGun","pts":0,"offer":[],"boostUntil":0,"repairHp":0,"cards":["heavyTorpedo"],"lvl":0,"xp":0.0008333333333333334},"contacts":[{"id":"o1","x":0,"y":300,"heading":0,"speed":0,"cls":"torpedoBoat"}],"events":[{"k":"spawn","id":"a","x":-1317.3809986469978,"y":1811.6587163160282},{"k":"mz","x":5.481458681678939,"y":5.481458681678948},{"k":"shell","id":"s1","x":5.481458681678939,"y":5.481458681678948,"vx":353.55339059327343,"vy":353.55339059327406,"t":50}],"mines":[]}",
  "{"t":50,"tick":1,"ackSeq":0,"you":{"id":"o1","x":0,"y":300,"heading":0,"speed":0,"hp":250,"alive":true,"ammo":[{"n":1,"reloadMsLeft":0},{"n":1,"reloadMsLeft":0},{"n":1,"reloadMsLeft":0},null,null,null,null,null,null],"sweep":0.07853981633974527,"cls":"torpedoBoat","gun":"deckGun","pts":0,"offer":[],"boostUntil":0,"repairHp":0,"cards":["heavyTorpedo"],"lvl":0,"xp":0.0008333333333333334},"contacts":[{"id":"a","x":0,"y":0,"heading":0,"speed":0,"cls":"torpedoBoat"}],"events":[{"k":"spawn","id":"o1","x":-1317.3809986469978,"y":1811.6587163160282},{"k":"mz","x":5.481458681678939,"y":5.481458681678948},{"k":"shell","id":"s1","x":5.481458681678939,"y":5.481458681678948,"vx":353.55339059327343,"vy":353.55339059327406,"t":50}],"mines":[]}",
  "{"t":50,"tick":1,"ackSeq":0,"you":{"id":"o2","x":0,"y":-600,"heading":0,"speed":0,"hp":250,"alive":true,"ammo":[{"n":1,"reloadMsLeft":0},{"n":1,"reloadMsLeft":0},{"n":1,"reloadMsLeft":0},null,null,null,null,null,null],"sweep":0.07853981633974527,"cls":"torpedoBoat","gun":"deckGun","pts":0,"offer":[],"boostUntil":0,"repairHp":0,"cards":["heavyTorpedo"],"lvl":0,"xp":0.0008333333333333334},"contacts":[],"events":[{"k":"spawn","id":"o2","x":-2239.9998121622043,"y":-0.9173403343860865}],"mines":[]}",
  "{"t":50,"tick":1,"ackSeq":0,"you":{"id":"o3","x":300,"y":0,"heading":0,"speed":0,"hp":250,"alive":true,"ammo":[{"n":1,"reloadMsLeft":0},{"n":1,"reloadMsLeft":0},{"n":1,"reloadMsLeft":0},null,null,null,null,null,null],"sweep":0.07853981633974527,"cls":"torpedoBoat","gun":"deckGun","pts":0,"offer":[],"boostUntil":0,"repairHp":0,"cards":["heavyTorpedo"],"lvl":0,"xp":0.0008333333333333334},"contacts":[],"events":[{"k":"spawn","id":"o3","x":-2239.9998121622043,"y":-0.9173403343860865}],"mines":[]}",
  "{"t":1200,"tick":24,"ackSeq":1,"you":{"id":"a","x":0,"y":0,"heading":0,"speed":0,"hp":250,"alive":true,"ammo":[{"n":0,"reloadMsLeft":3850},{"n":1,"reloadMsLeft":0},{"n":1,"reloadMsLeft":0},null,null,null,null,null,null],"sweep":1.8849555921538865,"cls":"torpedoBoat","gun":"deckGun","pts":0,"offer":[],"boostUntil":0,"repairHp":0,"cards":["heavyTorpedo"],"lvl":0,"xp":0.02},"contacts":[{"id":"o1","x":0,"y":300,"heading":0,"speed":0,"cls":"torpedoBoat"}],"events":[{"k":"burst","id":"s1","x":395.9797974644663,"y":395.97979746446697},{"k":"sp","id":"a","x":395.9797974644663,"y":395.97979746446697}],"mines":[]}",
  "{"t":1200,"tick":24,"ackSeq":0,"you":{"id":"o1","x":0,"y":300,"heading":0,"speed":0,"hp":250,"alive":true,"ammo":[{"n":1,"reloadMsLeft":0},{"n":1,"reloadMsLeft":0},{"n":1,"reloadMsLeft":0},null,null,null,null,null,null],"sweep":1.8849555921538865,"cls":"torpedoBoat","gun":"deckGun","pts":0,"offer":[],"boostUntil":0,"repairHp":0,"cards":["heavyTorpedo"],"lvl":0,"xp":0.02},"contacts":[{"id":"a","x":0,"y":0,"heading":0,"speed":0,"cls":"torpedoBoat"}],"events":[],"mines":[]}",
  "{"t":1250,"tick":25,"ackSeq":2,"you":{"id":"a","x":0,"y":0,"heading":0,"speed":0,"hp":250,"alive":true,"ammo":[{"n":0,"reloadMsLeft":3800},{"n":1,"reloadMsLeft":0},{"n":0,"reloadMsLeft":30000},null,null,null,null,null,null],"sweep":1.9634954084936318,"cls":"torpedoBoat","gun":"deckGun","pts":0,"offer":[],"boostUntil":0,"repairHp":0,"cards":["heavyTorpedo"],"lvl":0,"xp":0.020833333333333332},"contacts":[{"id":"o1","x":0,"y":300,"heading":0,"speed":0,"cls":"torpedoBoat"}],"events":[{"k":"torp","id":"s2","x":58,"y":0,"vx":65,"vy":0,"t":1250}],"mines":[]}",
  "{"t":1250,"tick":25,"ackSeq":0,"you":{"id":"o1","x":0,"y":300,"heading":0,"speed":0,"hp":250,"alive":true,"ammo":[{"n":1,"reloadMsLeft":0},{"n":1,"reloadMsLeft":0},{"n":1,"reloadMsLeft":0},null,null,null,null,null,null],"sweep":1.9634954084936318,"cls":"torpedoBoat","gun":"deckGun","pts":0,"offer":[],"boostUntil":0,"repairHp":0,"cards":["heavyTorpedo"],"lvl":0,"xp":0.020833333333333332},"contacts":[{"id":"a","x":0,"y":0,"heading":0,"speed":0,"cls":"torpedoBoat"}],"events":[],"mines":[]}",
  "{"t":7200,"tick":144,"ackSeq":3,"you":{"id":"a","x":0,"y":0,"heading":0,"speed":0,"hp":250,"alive":true,"ammo":[{"n":0,"reloadMsLeft":4150},{"n":1,"reloadMsLeft":0},{"n":0,"reloadMsLeft":24050},null,null,null,null,null,null],"sweep":5.026548245743733,"cls":"torpedoBoat","gun":"deckGun","pts":0,"offer":[],"boostUntil":0,"repairHp":0,"cards":["heavyTorpedo"],"lvl":0,"xp":0.12},"contacts":[{"id":"o1","x":0,"y":300,"heading":0,"speed":0,"cls":"torpedoBoat"}],"events":[{"k":"burst","id":"s3","x":-500,"y":-6.123233995736766e-14},{"k":"hc","id":"a","x":-500,"y":-6.123233995736766e-14}],"mines":[]}",
  "{"t":50,"tick":1,"ackSeq":0,"you":{"id":"a","x":0,"y":0,"heading":0,"speed":0,"hp":240.5,"alive":true,"ammo":[{"n":1,"reloadMsLeft":0},{"n":1,"reloadMsLeft":0},{"n":1,"reloadMsLeft":0},null,null,null,null,null,null],"sweep":0.07853981633974527,"cls":"torpedoBoat","gun":"deckGun","pts":0,"offer":[],"boostUntil":0,"repairHp":49.5,"cards":["heavyTorpedo"],"lvl":0,"xp":0.0008333333333333334},"contacts":[{"id":"b","x":60,"y":0,"heading":0,"speed":0,"cls":"torpedoBoat"}],"events":[{"k":"spawn","id":"a","x":805.9099074562306,"y":2090.0022059949815},{"k":"heal","id":"a"}],"mines":[]}",
  "{"t":50,"tick":1,"ackSeq":0,"you":{"id":"b","x":60,"y":0,"heading":0,"speed":0,"hp":250,"alive":true,"ammo":[{"n":1,"reloadMsLeft":0},{"n":1,"reloadMsLeft":0},{"n":1,"reloadMsLeft":0},null,null,null,null,null,null],"sweep":0.07853981633974527,"cls":"torpedoBoat","gun":"deckGun","pts":0,"offer":[],"boostUntil":0,"repairHp":0,"cards":["heavyTorpedo"],"lvl":0,"xp":0.0008333333333333334},"contacts":[{"id":"a","x":0,"y":0,"heading":0,"speed":0,"cls":"torpedoBoat"}],"events":[{"k":"spawn","id":"b","x":-805.9099074562314,"y":-2090.0022059949815}],"mines":[]}",
  "{"t":150,"tick":3,"ackSeq":0,"you":{"id":"a","x":0,"y":0,"heading":0,"speed":0,"hp":241.5,"alive":true,"ammo":[{"n":1,"reloadMsLeft":0},{"n":1,"reloadMsLeft":0},{"n":1,"reloadMsLeft":0},null,null,null,null,null,null],"sweep":0.23561944901923582,"cls":"torpedoBoat","gun":"deckGun","pts":0,"offer":[],"boostUntil":0,"repairHp":48.5,"cards":["heavyTorpedo"],"lvl":0,"xp":0.0025},"contacts":[{"id":"b","x":60,"y":0,"heading":0,"speed":0,"cls":"torpedoBoat"}],"events":[],"mines":[]}",
  "{"t":50,"tick":1,"ackSeq":0,"you":{"id":"a","x":0,"y":0,"heading":0,"speed":0,"hp":250,"alive":true,"ammo":[{"n":1,"reloadMsLeft":0},{"n":1,"reloadMsLeft":0},{"n":1,"reloadMsLeft":0},null,null,null,null,null,null],"sweep":0.03000000000000025,"cls":"torpedoBoat","gun":"deckGun","pts":0,"offer":[],"boostUntil":0,"repairHp":0,"cards":["heavyTorpedo"],"lvl":0,"xp":0.0008333333333333334},"contacts":[],"events":[{"k":"spawn","id":"a","x":-1485.476427902304,"y":-1676.5917159960593},{"k":"sunk","id":"b"},{"k":"wk","t":50,"a":3,"gx":47,"gy":-1,"w":2,"h":2,"bits":[15]},{"k":"wk","t":50,"a":1,"gx":48,"gy":0,"w":2,"h":1,"bits":[3]},{"k":"wk","t":50,"a":3,"gx":55,"gy":0,"w":2,"h":1,"bits":[3]},{"k":"wk","t":50,"a":2,"gx":56,"gy":0,"w":3,"h":1,"bits":[7]},{"k":"wk","t":50,"a":1,"gx":58,"gy":0,"w":2,"h":1,"bits":[3]},{"k":"wk","t":50,"a":0,"gx":59,"gy":0,"w":2,"h":1,"bits":[3]}],"mines":[]}",
  "{"t":50,"tick":1,"ackSeq":0,"you":{"id":"a","x":0,"y":0,"heading":0,"speed":0,"hp":250,"alive":true,"ammo":[{"n":1,"reloadMsLeft":0},{"n":1,"reloadMsLeft":0},{"n":1,"reloadMsLeft":0},null,null,null,null,null,null],"sweep":0.03000000000000025,"cls":"torpedoBoat","gun":"deckGun","pts":0,"offer":[],"boostUntil":0,"repairHp":0,"cards":["heavyTorpedo"],"lvl":0,"xp":0.0008333333333333334},"contacts":[],"events":[{"k":"spawn","id":"a","x":-1485.476427902304,"y":-1676.5917159960593},{"k":"wk","t":50,"a":3,"gx":47,"gy":-1,"w":2,"h":2,"bits":[15]},{"k":"wk","t":50,"a":1,"gx":48,"gy":0,"w":2,"h":1,"bits":[3]},{"k":"wk","t":50,"a":3,"gx":55,"gy":0,"w":2,"h":1,"bits":[3]},{"k":"wk","t":50,"a":2,"gx":56,"gy":0,"w":3,"h":1,"bits":[7]},{"k":"wk","t":50,"a":1,"gx":58,"gy":0,"w":2,"h":1,"bits":[3]},{"k":"wk","t":50,"a":0,"gx":59,"gy":0,"w":2,"h":1,"bits":[3]}],"mines":[]}",
  "{"t":0,"tick":0,"ackSeq":0,"you":{"id":"b","x":0,"y":0,"heading":0,"speed":0,"hp":250,"alive":true,"ammo":[{"n":1,"reloadMsLeft":0},{"n":1,"reloadMsLeft":0},{"n":1,"reloadMsLeft":0},null,null,null,null,null,null],"sweep":0,"cls":"torpedoBoat","gun":"deckGun","pts":0,"offer":[],"boostUntil":0,"repairHp":0,"cards":["heavyTorpedo"],"lvl":0,"xp":0},"contacts":[],"events":[],"mines":[]}",
  "{"t":50,"tick":1,"ackSeq":0,"you":{"id":"b","x":0,"y":0,"heading":0,"speed":0,"hp":250,"alive":true,"ammo":[{"n":1,"reloadMsLeft":0},{"n":1,"reloadMsLeft":0},{"n":1,"reloadMsLeft":0},null,null,null,null,null,null],"sweep":0.07853981633974527,"cls":"torpedoBoat","gun":"deckGun","pts":0,"offer":[],"boostUntil":0,"repairHp":0,"cards":["heavyTorpedo"],"lvl":0,"xp":0.0008333333333333334},"contacts":[],"events":[{"k":"spawn","id":"b","x":805.9099074562306,"y":2090.0022059949815},{"k":"torp","id":"tp","x":228.5,"y":3.061616997868383e-15,"vx":-500,"vy":6.123233995736766e-14,"t":50}],"mines":[]}",
  "{"t":100,"tick":2,"ackSeq":0,"you":{"id":"b","x":0,"y":0,"heading":0,"speed":0,"hp":250,"alive":true,"ammo":[{"n":1,"reloadMsLeft":0},{"n":1,"reloadMsLeft":0},{"n":1,"reloadMsLeft":0},null,null,null,null,null,null],"sweep":0.15707963267949054,"cls":"torpedoBoat","gun":"deckGun","pts":0,"offer":[],"boostUntil":0,"repairHp":0,"cards":["heavyTorpedo"],"lvl":0,"xp":0.0016666666666666668,"dazzledUntil":101},"contacts":[],"events":[],"mines":[]}",
  "{"t":150,"tick":3,"ackSeq":0,"you":{"id":"b","x":0,"y":0,"heading":0,"speed":0,"hp":250,"alive":true,"ammo":[{"n":1,"reloadMsLeft":0},{"n":1,"reloadMsLeft":0},{"n":1,"reloadMsLeft":0},null,null,null,null,null,null],"sweep":0.23561944901923582,"cls":"torpedoBoat","gun":"deckGun","pts":0,"offer":[],"boostUntil":0,"repairHp":0,"cards":["heavyTorpedo"],"lvl":0,"xp":0.0025},"contacts":[],"events":[{"k":"torp","id":"tp","x":178.5,"y":9.184850993605149e-15,"vx":-500,"vy":6.123233995736766e-14,"t":150}],"mines":[]}",
  "{"t":200,"tick":4,"ackSeq":0,"you":{"id":"b","x":0,"y":0,"heading":0,"speed":0,"hp":250,"alive":true,"ammo":[{"n":1,"reloadMsLeft":0},{"n":1,"reloadMsLeft":0},{"n":1,"reloadMsLeft":0},null,null,null,null,null,null],"sweep":0.3141592653589811,"cls":"torpedoBoat","gun":"deckGun","pts":0,"offer":[],"boostUntil":0,"repairHp":0,"cards":["heavyTorpedo"],"lvl":0,"xp":0.0033333333333333335},"contacts":[],"events":[],"mines":[]}",
  "{"t":0,"tick":0,"ackSeq":0,"you":{"id":"o","x":0,"y":0,"heading":0,"speed":0,"hp":300,"alive":true,"ammo":[{"n":1,"reloadMsLeft":0},{"n":1,"reloadMsLeft":0},{"n":2,"reloadMsLeft":0},{"n":1,"reloadMsLeft":0},{"n":2,"reloadMsLeft":0},null,null,null,null],"sweep":0,"cls":"mineLayer","gun":"deckGun","pts":0,"offer":[],"boostUntil":0,"repairHp":0,"cards":["navalMines","captiveMines","foulingMines"],"lvl":0,"xp":0},"contacts":[{"id":"a","x":120,"y":0,"heading":0,"speed":0,"cls":"torpedoBoat"}],"events":[],"mines":[{"id":"m-naval","x":60,"y":-30,"own":true,"by":"o","c":"naval"},{"id":"m-captive","x":60,"y":0,"own":true,"by":"o","c":"captive"},{"id":"m-fouling","x":60,"y":30,"own":true,"by":"o","c":"fouling"}]}",
  "{"t":0,"tick":0,"ackSeq":0,"you":{"id":"a","x":120,"y":0,"heading":0,"speed":0,"hp":250,"alive":true,"ammo":[{"n":1,"reloadMsLeft":0},{"n":1,"reloadMsLeft":0},{"n":1,"reloadMsLeft":0},null,null,null,null,null,null],"sweep":0,"cls":"torpedoBoat","gun":"deckGun","pts":0,"offer":[],"boostUntil":0,"repairHp":0,"cards":["heavyTorpedo"],"lvl":0,"xp":0},"contacts":[{"id":"o","x":0,"y":0,"heading":0,"speed":0,"cls":"mineLayer"}],"events":[],"mines":[{"id":"m-naval","x":60,"y":-30,"own":false,"by":"o"},{"id":"m-captive","x":60,"y":0,"own":false,"by":"o"},{"id":"m-fouling","x":60,"y":30,"own":false,"by":"o"}]}",
]
`;
