// Vitest Snapshot v1, https://vitest.dev/guide/snapshot.html

exports[`golden frames — byte-identity gate for the perception refactor > serializes every signal channel across observers and ticks, deterministically 1`] = `
[
  "{"t":50,"tick":1,"ackSeq":0,"you":{"id":"a","x":0,"y":0,"heading":0,"speed":0,"hp":100,"alive":true,"weapon":0,"ammo":[{"n":2,"reloadMsLeft":0},{"n":1,"reloadMsLeft":0},{"n":1,"reloadMsLeft":0}],"sweep":0.07853981633974527,"cls":"cruiser","upg":[0,0,0,0,0,0,0,0,0,0,0,0,0,0],"pts":0,"offer":[]},"contacts":[{"id":"b","x":100,"y":0,"heading":1.5,"speed":0,"cls":"cruiser"}],"events":[{"k":"spawn","id":"a","x":-54.60555006940934,"y":-717.9263429500392},{"k":"blip","id":"c","x":399.69161449628916,"y":15.703926303627444,"t":50}],"mines":[]}",
  "{"t":50,"tick":1,"ackSeq":0,"you":{"id":"b","x":100,"y":0,"heading":1.5,"speed":0,"hp":100,"alive":true,"weapon":0,"ammo":[{"n":2,"reloadMsLeft":0},{"n":1,"reloadMsLeft":0},{"n":1,"reloadMsLeft":0}],"sweep":0.07853981633974527,"cls":"cruiser","upg":[0,0,0,0,0,0,0,0,0,0,0,0,0,0],"pts":0,"offer":[]},"contacts":[{"id":"a","x":0,"y":0,"heading":0,"speed":0,"cls":"cruiser"}],"events":[{"k":"spawn","id":"b","x":-714.4370037843231,"y":89.32954507708605},{"k":"blip","id":"c","x":399.69161449628916,"y":15.703926303627444,"t":50}],"mines":[]}",
  "{"t":0,"tick":0,"ackSeq":0,"you":{"id":"a","x":0,"y":0,"heading":0,"speed":0,"hp":100,"alive":true,"weapon":0,"ammo":[{"n":2,"reloadMsLeft":0},{"n":1,"reloadMsLeft":0},{"n":1,"reloadMsLeft":0}],"sweep":0,"cls":"cruiser","upg":[0,0,0,0,0,0,0,0,0,0,0,0,0,0],"pts":0,"offer":[]},"contacts":[{"id":"b","x":150,"y":0,"heading":0,"speed":0,"cls":"cruiser"}],"events":[{"k":"torp","id":"tp","x":0,"y":300,"vx":7.960204194457796e-15,"vy":130,"t":0},{"k":"shell","id":"sg","x":130,"y":0,"vx":130,"vy":0,"t":0}],"mines":[]}",
  "{"t":50,"tick":1,"ackSeq":0,"you":{"id":"a","x":0,"y":0,"heading":0,"speed":0,"hp":100,"alive":true,"weapon":0,"ammo":[{"n":2,"reloadMsLeft":0},{"n":1,"reloadMsLeft":0},{"n":1,"reloadMsLeft":0}],"sweep":0.07853981633974527,"cls":"cruiser","upg":[0,0,0,0,0,0,0,0,0,0,0,0,0,0],"pts":1,"offer":[1,9,13]},"contacts":[],"events":[{"k":"spawn","id":"a","x":171.80583286535312,"y":-699.2015130085477},{"k":"boom","id":"sg","hit":"b","x":136,"y":0},{"k":"pt","id":"a"},{"k":"sunk","id":"b","by":"a"}],"mines":[]}",
  "{"t":50,"tick":1,"ackSeq":0,"you":{"id":"b","x":150,"y":0,"heading":0,"speed":0,"hp":0,"alive":false,"weapon":0,"ammo":[{"n":2,"reloadMsLeft":0},{"n":1,"reloadMsLeft":0},{"n":1,"reloadMsLeft":0}],"sweep":0.07853981633974527,"cls":"cruiser","upg":[0,0,0,0,0,0,0,0,0,0,0,0,0,0],"pts":0,"offer":[]},"contacts":[{"id":"a","x":0,"y":0,"heading":0,"speed":0,"cls":"cruiser"}],"events":[{"k":"spawn","id":"b","x":-717.9920064377991,"y":53.73526487720571},{"k":"boom","id":"sg","hit":"b","x":136,"y":0},{"k":"dmg","id":"b","amount":25,"hp":0},{"k":"sunk","id":"b","by":"a"}],"mines":[]}",
  "{"t":50,"tick":1,"ackSeq":0,"you":{"id":"a","x":0,"y":0,"heading":0,"speed":0,"hp":95,"alive":true,"weapon":0,"ammo":[{"n":2,"reloadMsLeft":0},{"n":1,"reloadMsLeft":0},{"n":1,"reloadMsLeft":0}],"sweep":0.07853981633974527,"cls":"cruiser","upg":[0,1,0,0,0,0,0,0,0,0,0,0,0,0],"pts":0,"offer":[]},"contacts":[],"events":[{"k":"spawn","id":"a","x":-573.107882301782,"y":-435.82950249331077},{"k":"pt","id":"a"},{"k":"upg","id":"a","type":"radarRange"},{"k":"heal","id":"a","amount":25}],"mines":[]}",
  "{"t":0,"tick":0,"ackSeq":0,"you":{"id":"a","x":0,"y":0,"heading":0,"speed":0,"hp":100,"alive":true,"weapon":0,"ammo":[{"n":2,"reloadMsLeft":0},{"n":1,"reloadMsLeft":0},{"n":1,"reloadMsLeft":0}],"sweep":0,"cls":"cruiser","upg":[0,0,0,0,0,0,0,0,0,0,0,0,0,0],"pts":0,"offer":[]},"contacts":[],"events":[],"mines":[{"id":"own","x":900,"y":900,"own":true},{"id":"seen","x":220,"y":0,"own":false}]}",
  "{"t":50,"tick":1,"ackSeq":0,"contacts":[{"id":"b","x":440,"y":0,"heading":0,"speed":0,"cls":"cruiser"},{"id":"c","x":-600,"y":400,"heading":1.1999999999999993,"speed":0,"cls":"cruiser"}],"events":[{"k":"spawn","id":"a","x":-195.93579188288274,"y":-692.8269375964157},{"k":"spawn","id":"b","x":-481.9840926000901,"y":534.8750643659394},{"k":"spawn","id":"c","x":-356.06520752553087,"y":625.7935506137792},{"k":"sunk","id":"a","by":"b"}],"mines":[{"id":"sm","x":800,"y":800,"own":true}],"spec":true}",
  "{"t":50,"tick":1,"ackSeq":0,"contacts":[{"id":"b","x":440,"y":0,"heading":0,"speed":0,"cls":"cruiser"},{"id":"c","x":-600,"y":400,"heading":1.1999999999999993,"speed":0,"cls":"cruiser"}],"events":[{"k":"spawn","id":"a","x":-195.93579188288274,"y":-692.8269375964157},{"k":"spawn","id":"b","x":-481.9840926000901,"y":534.8750643659394},{"k":"spawn","id":"c","x":-356.06520752553087,"y":625.7935506137792},{"k":"pt","id":"b"},{"k":"sunk","id":"a","by":"b"}],"mines":[{"id":"sm","x":800,"y":800,"own":false}],"spec":true}",
  "{"t":50,"tick":1,"ackSeq":0,"you":{"id":"a","x":0,"y":0,"heading":0,"speed":0,"hp":100,"alive":true,"weapon":0,"ammo":[{"n":2,"reloadMsLeft":0},{"n":1,"reloadMsLeft":0},{"n":1,"reloadMsLeft":0}],"sweep":0.07853981633974527,"cls":"cruiser","upg":[0,0,0,0,0,0,0,0,0,0,0,0,0,0],"pts":0,"offer":[]},"contacts":[],"events":[{"k":"spawn","id":"a","x":489.07680978455926,"y":528.3974584826823},{"k":"boom","id":"st","x":211.5,"y":0},{"k":"blip","id":"b","x":232,"y":0,"t":50}],"mines":[]}",
  "{"t":50,"tick":1,"ackSeq":0,"you":{"id":"b","x":232,"y":0,"heading":0,"speed":0,"hp":75,"alive":true,"weapon":0,"ammo":[{"n":2,"reloadMsLeft":0},{"n":1,"reloadMsLeft":0},{"n":1,"reloadMsLeft":0}],"sweep":0.07853981633974527,"cls":"cruiser","upg":[0,0,0,0,0,0,0,0,0,0,0,0,0,0],"pts":0,"offer":[]},"contacts":[],"events":[{"k":"spawn","id":"b","x":-655.5490408373502,"y":-297.75065920536645},{"k":"boom","id":"st","hit":"b","x":211.5,"y":0},{"k":"dmg","id":"b","amount":25,"hp":75}],"mines":[]}",
]
`;
